#
# There is insufficient memory for the Java Runtime Environment to continue.
# Native memory allocation (mmap) failed to map 65011712 bytes for G1 virtual space
# Possible reasons:
#   The system is out of physical RAM or swap space
#   The process is running with CompressedOops enabled, and the Java Heap may be blocking the growth of the native heap
# Possible solutions:
#   Reduce memory load on the system
#   Increase physical memory or swap space
#   Check if swap backing store is full
#   Decrease Java heap size (-Xmx/-Xms)
#   Decrease number of Java threads
#   Decrease Java thread stack sizes (-Xss)
#   Set larger code cache with -XX:ReservedCodeCacheSize=
#   JVM is running with Unscaled Compressed Oops mode in which the Java heap is
#     placed in the first 4GB address space. The Java Heap base address is the
#     maximum limit for the native heap growth. Please use -XX:HeapBaseMinAddress
#     to set the Java Heap base and to place the Java Heap above 4GB virtual address.
# This output file may be truncated or incomplete.
#
#  Out of Memory Error (os_windows.cpp:3548), pid=14736, tid=21284
#
# JRE version: Java(TM) SE Runtime Environment (17.0.12+8) (build 17.0.12+8-LTS-286)
# Java VM: Java HotSpot(TM) 64-Bit Server VM (17.0.12+8-LTS-286, mixed mode, sharing, tiered, compressed oops, compressed class ptrs, g1 gc, windows-amd64)
# No core dump will be written. Minidumps are not enabled by default on client versions of Windows
#

---------------  S U M M A R Y ------------

Command Line: --add-opens=java.base/java.util=ALL-UNNAMED --add-opens=java.base/java.lang=ALL-UNNAMED --add-opens=java.base/java.lang.invoke=ALL-UNNAMED --add-opens=java.base/java.util=ALL-UNNAMED --add-opens=java.prefs/java.util.prefs=ALL-UNNAMED --add-opens=java.prefs/java.util.prefs=ALL-UNNAMED --add-opens=java.base/java.nio.charset=ALL-UNNAMED --add-opens=java.base/java.net=ALL-UNNAMED --add-opens=java.base/java.util.concurrent.atomic=ALL-UNNAMED -Xmx2048M -Dfile.encoding=windows-1252 -Duser.country=IN -Duser.language=en -Duser.variant org.gradle.launcher.daemon.bootstrap.GradleDaemon 7.5

Host: 11th Gen Intel(R) Core(TM) i3-1115G4 @ 3.00GHz, 4 cores, 11G,  Windows 11 , 64 bit Build 26100 (10.0.26100.7019)
Time: Tue Dec  9 10:19:40 2025 India Standard Time elapsed time: 7.947953 seconds (0d 0h 0m 7s)

---------------  T H R E A D  ---------------

Current thread (0x000002dc797de4e0):  VMThread "VM Thread" [stack: 0x000000dc82800000,0x000000dc82900000] [id=21284]

Stack: [0x000000dc82800000,0x000000dc82900000]
Native frames: (J=compiled Java code, j=interpreted, Vv=VM code, C=native code)
V  [jvm.dll+0x67a04a]
V  [jvm.dll+0x7da4ed]
V  [jvm.dll+0x7dbe33]
V  [jvm.dll+0x7dc4a3]
V  [jvm.dll+0x24508f]
V  [jvm.dll+0x677089]
V  [jvm.dll+0x66bd32]
V  [jvm.dll+0x301fa6]
V  [jvm.dll+0x309546]
V  [jvm.dll+0x359d2e]
V  [jvm.dll+0x359f5f]
V  [jvm.dll+0x2d9078]
V  [jvm.dll+0x2d74ad]
V  [jvm.dll+0x2d6afc]
V  [jvm.dll+0x31a65b]
V  [jvm.dll+0x7e0d9b]
V  [jvm.dll+0x7e1ad4]
V  [jvm.dll+0x7e1fed]
V  [jvm.dll+0x7e23c4]
V  [jvm.dll+0x7e2490]
V  [jvm.dll+0x78abea]
V  [jvm.dll+0x678f35]
C  [ucrtbase.dll+0x37b0]
C  [KERNEL32.DLL+0x2e8d7]
C  [ntdll.dll+0x8c53c]

VM_Operation (0x000000dc83ff19f0): G1CollectForAllocation, mode: safepoint, requested by thread 0x000002dc5082f4a0


---------------  P R O C E S S  ---------------

Threads class SMR info:
_java_thread_list=0x000002dc530312d0, length=81, elements={
0x000002dc6ae55670, 0x000002dc797dfb20, 0x000002dc797e05f0, 0x000002dc797f2680,
0x000002dc797f6f70, 0x000002dc797f7840, 0x000002dc797f8920, 0x000002dc797fbd40,
0x000002dc79806a70, 0x000002dc798106e0, 0x000002dc79a71d90, 0x000002dc79a726a0,
0x000002dc79c02ce0, 0x000002dc7f180c10, 0x000002dc5082fec0, 0x000002dc508308e0,
0x000002dc5082ef90, 0x000002dc5082e570, 0x000002dc50831300, 0x000002dc5082f4a0,
0x000002dc5082e060, 0x000002dc5082ea80, 0x000002dc5082f9b0, 0x000002dc50830df0,
0x000002dc50831810, 0x000002dc50470260, 0x000002dc50470770, 0x000002dc5046fd50,
0x000002dc5046def0, 0x000002dc50470c80, 0x000002dc50471190, 0x000002dc5046d9e0,
0x000002dc504716a0, 0x000002dc50471bb0, 0x000002dc5046e400, 0x000002dc5046f330,
0x000002dc504725d0, 0x000002dc5046ee20, 0x000002dc50472ff0, 0x000002dc50474940,
0x000002dc50474e50, 0x000002dc50473500, 0x000002dc50473a10, 0x000002dc50473f20,
0x000002dc50475360, 0x000002dc50474430, 0x000002dc5264f360, 0x000002dc5264e940,
0x000002dc5264f870, 0x000002dc5264cae0, 0x000002dc5264e430, 0x000002dc5264c0c0,
0x000002dc5264d500, 0x000002dc5264df20, 0x000002dc5264fd80, 0x000002dc5264da10,
0x000002dc5264c5d0, 0x000002dc52650290, 0x000002dc5264ee50, 0x000002dc526507a0,
0x000002dc5264cff0, 0x000002dc52652b10, 0x000002dc526516d0, 0x000002dc52650cb0,
0x000002dc526511c0, 0x000002dc52653530, 0x000002dc52651be0, 0x000002dc526520f0,
0x000002dc52653a40, 0x000002dc52652600, 0x000002dc52653020, 0x000002dc50863d40,
0x000002dc50863320, 0x000002dc50861ee0, 0x000002dc50860fb0, 0x000002dc50863830,
0x000002dc50864250, 0x000002dc508623f0, 0x000002dc50862900, 0x000002dc50862e10,
0x000002dc50860aa0
}

Java Threads: ( => current thread )
  0x000002dc6ae55670 JavaThread "main" [_thread_blocked, id=4424, stack(0x000000dc82200000,0x000000dc82300000)]
  0x000002dc797dfb20 JavaThread "Reference Handler" daemon [_thread_blocked, id=5548, stack(0x000000dc82900000,0x000000dc82a00000)]
  0x000002dc797e05f0 JavaThread "Finalizer" daemon [_thread_blocked, id=15984, stack(0x000000dc82a00000,0x000000dc82b00000)]
  0x000002dc797f2680 JavaThread "Signal Dispatcher" daemon [_thread_blocked, id=25632, stack(0x000000dc82b00000,0x000000dc82c00000)]
  0x000002dc797f6f70 JavaThread "Attach Listener" daemon [_thread_blocked, id=25264, stack(0x000000dc82c00000,0x000000dc82d00000)]
  0x000002dc797f7840 JavaThread "Service Thread" daemon [_thread_blocked, id=14100, stack(0x000000dc82d00000,0x000000dc82e00000)]
  0x000002dc797f8920 JavaThread "Monitor Deflation Thread" daemon [_thread_blocked, id=5384, stack(0x000000dc82e00000,0x000000dc82f00000)]
  0x000002dc797fbd40 JavaThread "C2 CompilerThread0" daemon [_thread_blocked, id=22052, stack(0x000000dc82f00000,0x000000dc83000000)]
  0x000002dc79806a70 JavaThread "C1 CompilerThread0" daemon [_thread_blocked, id=15576, stack(0x000000dc83000000,0x000000dc83100000)]
  0x000002dc798106e0 JavaThread "Sweeper thread" daemon [_thread_blocked, id=10776, stack(0x000000dc83100000,0x000000dc83200000)]
  0x000002dc79a71d90 JavaThread "Common-Cleaner" daemon [_thread_blocked, id=26592, stack(0x000000dc83200000,0x000000dc83300000)]
  0x000002dc79a726a0 JavaThread "Notification Thread" daemon [_thread_blocked, id=6836, stack(0x000000dc83300000,0x000000dc83400000)]
  0x000002dc79c02ce0 JavaThread "C2 CompilerThread1" daemon [_thread_in_native, id=20360, stack(0x000000dc83500000,0x000000dc83600000)]
  0x000002dc7f180c10 JavaThread "Daemon health stats" [_thread_blocked, id=11460, stack(0x000000dc83900000,0x000000dc83a00000)]
  0x000002dc5082fec0 JavaThread "Incoming local TCP Connector on port 53458" [_thread_in_native, id=26236, stack(0x000000dc83a00000,0x000000dc83b00000)]
  0x000002dc508308e0 JavaThread "Daemon periodic checks" [_thread_blocked, id=16872, stack(0x000000dc83b00000,0x000000dc83c00000)]
  0x000002dc5082ef90 JavaThread "Daemon" [_thread_blocked, id=28348, stack(0x000000dc83c00000,0x000000dc83d00000)]
  0x000002dc5082e570 JavaThread "Handler for socket connection from /127.0.0.1:53458 to /127.0.0.1:53459" [_thread_in_native, id=13256, stack(0x000000dc83d00000,0x000000dc83e00000)]
  0x000002dc50831300 JavaThread "Cancel handler" [_thread_blocked, id=22632, stack(0x000000dc83e00000,0x000000dc83f00000)]
  0x000002dc5082f4a0 JavaThread "Daemon worker" [_thread_blocked, id=22572, stack(0x000000dc83f00000,0x000000dc84000000)]
  0x000002dc5082e060 JavaThread "Asynchronous log dispatcher for DefaultDaemonConnection: socket connection from /127.0.0.1:53458 to /127.0.0.1:53459" [_thread_blocked, id=17816, stack(0x000000dc84000000,0x000000dc84100000)]
  0x000002dc5082ea80 JavaThread "Stdin handler" [_thread_blocked, id=25332, stack(0x000000dc84100000,0x000000dc84200000)]
  0x000002dc5082f9b0 JavaThread "Daemon client event forwarder" [_thread_blocked, id=15800, stack(0x000000dc84200000,0x000000dc84300000)]
  0x000002dc50830df0 JavaThread "Cache worker for journal cache (C:\Users\User PC\.gradle\caches\journal-1)" [_thread_blocked, id=8092, stack(0x000000dc84300000,0x000000dc84400000)]
  0x000002dc50831810 JavaThread "File lock request listener" [_thread_in_native, id=26812, stack(0x000000dc84400000,0x000000dc84500000)]
  0x000002dc50470260 JavaThread "Cache worker for file hash cache (C:\Users\User PC\.gradle\caches\7.5\fileHashes)" [_thread_blocked, id=6176, stack(0x000000dc84500000,0x000000dc84600000)]
  0x000002dc50470770 JavaThread "File watcher server" daemon [_thread_in_native, id=25544, stack(0x000000dc84600000,0x000000dc84700000)]
  0x000002dc5046fd50 JavaThread "File watcher consumer" daemon [_thread_blocked, id=25204, stack(0x000000dc84700000,0x000000dc84800000)]
  0x000002dc5046def0 JavaThread "Cache worker for checksums cache (D:\NOV13\SNR\Androidcode\smart\Telegram android app\.gradle\7.5\checksums)" [_thread_blocked, id=18484, stack(0x000000dc84800000,0x000000dc84900000)]
  0x000002dc50470c80 JavaThread "Cache worker for cache directory md-rule (C:\Users\User PC\.gradle\caches\7.5\md-rule)" [_thread_blocked, id=26664, stack(0x000000dc84900000,0x000000dc84a00000)]
  0x000002dc50471190 JavaThread "Cache worker for file content cache (C:\Users\User PC\.gradle\caches\7.5\fileContent)" [_thread_blocked, id=13864, stack(0x000000dc84a00000,0x000000dc84b00000)]
  0x000002dc5046d9e0 JavaThread "Cache worker for file hash cache (D:\NOV13\SNR\Androidcode\smart\Telegram android app\.gradle\7.5\fileHashes)" [_thread_blocked, id=25072, stack(0x000000dc84b00000,0x000000dc84c00000)]
  0x000002dc504716a0 JavaThread "Cache worker for cache directory md-supplier (C:\Users\User PC\.gradle\caches\7.5\md-supplier)" [_thread_blocked, id=21216, stack(0x000000dc84c00000,0x000000dc84d00000)]
  0x000002dc50471bb0 JavaThread "Cache worker for execution history cache (C:\Users\User PC\.gradle\caches\7.5\executionHistory)" [_thread_blocked, id=10624, stack(0x000000dc84d00000,0x000000dc84e00000)]
  0x000002dc5046e400 JavaThread "jar transforms" [_thread_blocked, id=20404, stack(0x000000dc84e00000,0x000000dc84f00000)]
  0x000002dc5046f330 JavaThread "jar transforms Thread 2" [_thread_blocked, id=20496, stack(0x000000dc84f00000,0x000000dc85000000)]
  0x000002dc504725d0 JavaThread "Cache worker for dependencies-accessors (D:\NOV13\SNR\Androidcode\smart\Telegram android app\.gradle\7.5\dependencies-accessors)" [_thread_blocked, id=20864, stack(0x000000dc85000000,0x000000dc85100000)]
  0x000002dc5046ee20 JavaThread "jar transforms Thread 3" [_thread_blocked, id=19180, stack(0x000000dc85100000,0x000000dc85200000)]
  0x000002dc50472ff0 JavaThread "Cache worker for Build Output Cleanup Cache (D:\NOV13\SNR\Androidcode\smart\Telegram android app\.gradle\buildOutputCleanup)" [_thread_blocked, id=11784, stack(0x000000dc85200000,0x000000dc85300000)]
  0x000002dc50474940 JavaThread "Unconstrained build operations" [_thread_blocked, id=25104, stack(0x000000dc85300000,0x000000dc85400000)]
  0x000002dc50474e50 JavaThread "Unconstrained build operations Thread 2" [_thread_blocked, id=7504, stack(0x000000dc85400000,0x000000dc85500000)]
  0x000002dc50473500 JavaThread "Unconstrained build operations Thread 3" [_thread_blocked, id=20836, stack(0x000000dc85500000,0x000000dc85600000)]
  0x000002dc50473a10 JavaThread "Unconstrained build operations Thread 4" [_thread_blocked, id=15348, stack(0x000000dc85600000,0x000000dc85700000)]
  0x000002dc50473f20 JavaThread "Unconstrained build operations Thread 5" [_thread_blocked, id=19932, stack(0x000000dc85700000,0x000000dc85800000)]
  0x000002dc50475360 JavaThread "Unconstrained build operations Thread 6" [_thread_blocked, id=10872, stack(0x000000dc85800000,0x000000dc85900000)]
  0x000002dc50474430 JavaThread "Unconstrained build operations Thread 7" [_thread_blocked, id=25972, stack(0x000000dc85900000,0x000000dc85a00000)]
  0x000002dc5264f360 JavaThread "Unconstrained build operations Thread 8" [_thread_blocked, id=13308, stack(0x000000dc85a00000,0x000000dc85b00000)]
  0x000002dc5264e940 JavaThread "Unconstrained build operations Thread 9" [_thread_blocked, id=25320, stack(0x000000dc85b00000,0x000000dc85c00000)]
  0x000002dc5264f870 JavaThread "Unconstrained build operations Thread 10" [_thread_blocked, id=25668, stack(0x000000dc85c00000,0x000000dc85d00000)]
  0x000002dc5264cae0 JavaThread "Unconstrained build operations Thread 11" [_thread_blocked, id=21928, stack(0x000000dc85d00000,0x000000dc85e00000)]
  0x000002dc5264e430 JavaThread "Unconstrained build operations Thread 12" [_thread_blocked, id=13060, stack(0x000000dc85e00000,0x000000dc85f00000)]
  0x000002dc5264c0c0 JavaThread "Unconstrained build operations Thread 13" [_thread_blocked, id=22452, stack(0x000000dc85f00000,0x000000dc86000000)]
  0x000002dc5264d500 JavaThread "Unconstrained build operations Thread 14" [_thread_blocked, id=21280, stack(0x000000dc86000000,0x000000dc86100000)]
  0x000002dc5264df20 JavaThread "Unconstrained build operations Thread 15" [_thread_blocked, id=25856, stack(0x000000dc86100000,0x000000dc86200000)]
  0x000002dc5264fd80 JavaThread "Unconstrained build operations Thread 16" [_thread_blocked, id=11660, stack(0x000000dc86200000,0x000000dc86300000)]
  0x000002dc5264da10 JavaThread "Unconstrained build operations Thread 17" [_thread_blocked, id=25428, stack(0x000000dc86300000,0x000000dc86400000)]
  0x000002dc5264c5d0 JavaThread "Unconstrained build operations Thread 18" [_thread_blocked, id=13860, stack(0x000000dc86400000,0x000000dc86500000)]
  0x000002dc52650290 JavaThread "Unconstrained build operations Thread 19" [_thread_blocked, id=16224, stack(0x000000dc86500000,0x000000dc86600000)]
  0x000002dc5264ee50 JavaThread "Unconstrained build operations Thread 20" [_thread_blocked, id=18688, stack(0x000000dc86600000,0x000000dc86700000)]
  0x000002dc526507a0 JavaThread "Unconstrained build operations Thread 21" [_thread_blocked, id=27032, stack(0x000000dc86700000,0x000000dc86800000)]
  0x000002dc5264cff0 JavaThread "Unconstrained build operations Thread 22" [_thread_blocked, id=16752, stack(0x000000dc86800000,0x000000dc86900000)]
  0x000002dc52652b10 JavaThread "Unconstrained build operations Thread 23" [_thread_blocked, id=25492, stack(0x000000dc86900000,0x000000dc86a00000)]
  0x000002dc526516d0 JavaThread "Unconstrained build operations Thread 24" [_thread_blocked, id=25672, stack(0x000000dc86a00000,0x000000dc86b00000)]
  0x000002dc52650cb0 JavaThread "Unconstrained build operations Thread 25" [_thread_blocked, id=28336, stack(0x000000dc86b00000,0x000000dc86c00000)]
  0x000002dc526511c0 JavaThread "Unconstrained build operations Thread 26" [_thread_blocked, id=20868, stack(0x000000dc86c00000,0x000000dc86d00000)]
  0x000002dc52653530 JavaThread "Unconstrained build operations Thread 27" [_thread_blocked, id=25400, stack(0x000000dc86d00000,0x000000dc86e00000)]
  0x000002dc52651be0 JavaThread "Unconstrained build operations Thread 28" [_thread_blocked, id=22788, stack(0x000000dc86e00000,0x000000dc86f00000)]
  0x000002dc526520f0 JavaThread "Unconstrained build operations Thread 29" [_thread_blocked, id=28268, stack(0x000000dc86f00000,0x000000dc87000000)]
  0x000002dc52653a40 JavaThread "Unconstrained build operations Thread 30" [_thread_blocked, id=22768, stack(0x000000dc87000000,0x000000dc87100000)]
  0x000002dc52652600 JavaThread "Unconstrained build operations Thread 31" [_thread_blocked, id=19428, stack(0x000000dc87100000,0x000000dc87200000)]
  0x000002dc52653020 JavaThread "Unconstrained build operations Thread 32" [_thread_blocked, id=18104, stack(0x000000dc87200000,0x000000dc87300000)]
  0x000002dc50863d40 JavaThread "Unconstrained build operations Thread 33" [_thread_blocked, id=27608, stack(0x000000dc87300000,0x000000dc87400000)]
  0x000002dc50863320 JavaThread "Unconstrained build operations Thread 34" [_thread_blocked, id=26024, stack(0x000000dc87400000,0x000000dc87500000)]
  0x000002dc50861ee0 JavaThread "Unconstrained build operations Thread 35" [_thread_blocked, id=28468, stack(0x000000dc87500000,0x000000dc87600000)]
  0x000002dc50860fb0 JavaThread "Unconstrained build operations Thread 36" [_thread_blocked, id=17560, stack(0x000000dc87600000,0x000000dc87700000)]
  0x000002dc50863830 JavaThread "Unconstrained build operations Thread 37" [_thread_blocked, id=10004, stack(0x000000dc87700000,0x000000dc87800000)]
  0x000002dc50864250 JavaThread "Unconstrained build operations Thread 38" [_thread_blocked, id=3940, stack(0x000000dc87800000,0x000000dc87900000)]
  0x000002dc508623f0 JavaThread "Unconstrained build operations Thread 39" [_thread_blocked, id=27392, stack(0x000000dc87900000,0x000000dc87a00000)]
  0x000002dc50862900 JavaThread "Unconstrained build operations Thread 40" [_thread_blocked, id=26640, stack(0x000000dc87a00000,0x000000dc87b00000)]
  0x000002dc50862e10 JavaThread "jar transforms Thread 4" [_thread_blocked, id=25396, stack(0x000000dc87d00000,0x000000dc87e00000)]
  0x000002dc50860aa0 JavaThread "Memory manager" [_thread_blocked, id=24584, stack(0x000000dc87e00000,0x000000dc87f00000)]

Other Threads:
=>0x000002dc797de4e0 VMThread "VM Thread" [stack: 0x000000dc82800000,0x000000dc82900000] [id=21284]
  0x000002dc6aece940 WatcherThread [stack: 0x000000dc83400000,0x000000dc83500000] [id=9676]
  0x000002dc6aeaf490 GCTaskThread "GC Thread#0" [stack: 0x000000dc82300000,0x000000dc82400000] [id=13472]
  0x000002dc7e139b50 GCTaskThread "GC Thread#1" [stack: 0x000000dc83600000,0x000000dc83700000] [id=6356]
  0x000002dc7e1778e0 GCTaskThread "GC Thread#2" [stack: 0x000000dc83700000,0x000000dc83800000] [id=28252]
  0x000002dc7e177ba0 GCTaskThread "GC Thread#3" [stack: 0x000000dc83800000,0x000000dc83900000] [id=20776]
  0x000002dc6aec0190 ConcurrentGCThread "G1 Main Marker" [stack: 0x000000dc82400000,0x000000dc82500000] [id=24304]
  0x000002dc6aec14c0 ConcurrentGCThread "G1 Conc#0" [stack: 0x000000dc82500000,0x000000dc82600000] [id=3420]
  0x000002dc6af1e3b0 ConcurrentGCThread "G1 Refine#0" [stack: 0x000000dc82600000,0x000000dc82700000] [id=19520]
  0x000002dc6af1eb90 ConcurrentGCThread "G1 Service" [stack: 0x000000dc82700000,0x000000dc82800000] [id=26788]

Threads with active compile tasks:
C2 CompilerThread0     7964 7121       4       com.sun.beans.introspect.MethodInfo$MethodOrder::compare (167 bytes)
C2 CompilerThread1     7964 7053       4       groovy.lang.MetaClassImpl$1MOPIter::methodNameAction (325 bytes)

VM state: at safepoint (normal execution)

VM Mutex/Monitor currently owned by a thread:  ([mutex/lock_event])
[0x000002dc6ae51480] Threads_lock - owner thread: 0x000002dc797de4e0
[0x000002dc6ae50a60] Heap_lock - owner thread: 0x000002dc5082f4a0

Heap address: 0x0000000080000000, size: 2048 MB, Compressed Oops mode: 32-bit

CDS archive(s) mapped at: [0x000002dc0f000000-0x000002dc0fbd0000-0x000002dc0fbd0000), size 12386304, SharedBaseAddress: 0x000002dc0f000000, ArchiveRelocationMode: 1.
Compressed class space mapped at: 0x000002dc10000000-0x000002dc50000000, reserved size: 1073741824
Narrow klass base: 0x000002dc0f000000, Narrow klass shift: 0, Narrow klass range: 0x100000000

GC Precious Log:
 CPUs: 4 total, 4 available
 Memory: 12091M
 Large Page Support: Disabled
 NUMA Support: Disabled
 Compressed Oops: Enabled (32-bit)
 Heap Region Size: 1M
 Heap Min Capacity: 8M
 Heap Initial Capacity: 190M
 Heap Max Capacity: 2G
 Pre-touch: Disabled
 Parallel Workers: 4
 Concurrent Workers: 1
 Concurrent Refinement Workers: 4
 Periodic GC: Disabled

Heap:
 garbage-first heap   total 194560K, used 63476K [0x0000000080000000, 0x0000000100000000)
  region size 1024K, 2 young (2048K), 2 survivors (2048K)
 Metaspace       used 54037K, committed 54528K, reserved 1114112K
  class space    used 7292K, committed 7552K, reserved 1048576K

Heap Regions: E=young(eden), S=young(survivor), O=old, HS=humongous(starts), HC=humongous(continues), CS=collection set, F=free, OA=open archive, CA=closed archive, TAMS=top-at-mark-start (previous, next)
|   0|0x0000000080000000, 0x0000000080100000, 0x0000000080100000|100%|HS|  |TAMS 0x0000000080100000, 0x0000000080100000| Complete 
|   1|0x0000000080100000, 0x0000000080200000, 0x0000000080200000|100%|HC|  |TAMS 0x0000000080200000, 0x0000000080200000| Complete 
|   2|0x0000000080200000, 0x0000000080300000, 0x0000000080300000|100%|HC|  |TAMS 0x0000000080300000, 0x0000000080300000| Complete 
|   3|0x0000000080300000, 0x0000000080400000, 0x0000000080400000|100%| O|  |TAMS 0x0000000080400000, 0x0000000080400000| Untracked 
|   4|0x0000000080400000, 0x0000000080500000, 0x0000000080500000|100%| O|  |TAMS 0x0000000080500000, 0x0000000080500000| Untracked 
|   5|0x0000000080500000, 0x0000000080600000, 0x0000000080600000|100%| O|  |TAMS 0x0000000080600000, 0x0000000080600000| Untracked 
|   6|0x0000000080600000, 0x0000000080700000, 0x0000000080700000|100%| O|  |TAMS 0x0000000080700000, 0x0000000080700000| Untracked 
|   7|0x0000000080700000, 0x0000000080800000, 0x0000000080800000|100%| O|  |TAMS 0x0000000080800000, 0x0000000080800000| Untracked 
|   8|0x0000000080800000, 0x0000000080900000, 0x0000000080900000|100%| O|  |TAMS 0x0000000080900000, 0x0000000080900000| Untracked 
|   9|0x0000000080900000, 0x0000000080a00000, 0x0000000080a00000|100%| O|  |TAMS 0x0000000080a00000, 0x0000000080a00000| Untracked 
|  10|0x0000000080a00000, 0x0000000080b00000, 0x0000000080b00000|100%| O|  |TAMS 0x0000000080a00000, 0x0000000080b00000| Untracked 
|  11|0x0000000080b00000, 0x0000000080c00000, 0x0000000080c00000|100%| O|  |TAMS 0x0000000080c00000, 0x0000000080c00000| Untracked 
|  12|0x0000000080c00000, 0x0000000080d00000, 0x0000000080d00000|100%| O|  |TAMS 0x0000000080d00000, 0x0000000080d00000| Untracked 
|  13|0x0000000080d00000, 0x0000000080e00000, 0x0000000080e00000|100%| O|  |TAMS 0x0000000080e00000, 0x0000000080e00000| Untracked 
|  14|0x0000000080e00000, 0x0000000080f00000, 0x0000000080f00000|100%| O|  |TAMS 0x0000000080f00000, 0x0000000080f00000| Untracked 
|  15|0x0000000080f00000, 0x0000000081000000, 0x0000000081000000|100%| O|  |TAMS 0x0000000081000000, 0x0000000081000000| Untracked 
|  16|0x0000000081000000, 0x0000000081100000, 0x0000000081100000|100%| O|  |TAMS 0x0000000081100000, 0x0000000081100000| Untracked 
|  17|0x0000000081100000, 0x0000000081200000, 0x0000000081200000|100%| O|  |TAMS 0x0000000081200000, 0x0000000081200000| Untracked 
|  18|0x0000000081200000, 0x0000000081300000, 0x0000000081300000|100%| O|  |TAMS 0x0000000081300000, 0x0000000081300000| Untracked 
|  19|0x0000000081300000, 0x0000000081400000, 0x0000000081400000|100%| O|  |TAMS 0x0000000081400000, 0x0000000081400000| Untracked 
|  20|0x0000000081400000, 0x0000000081500000, 0x0000000081500000|100%| O|  |TAMS 0x0000000081500000, 0x0000000081500000| Untracked 
|  21|0x0000000081500000, 0x0000000081600000, 0x0000000081600000|100%| O|  |TAMS 0x0000000081600000, 0x0000000081600000| Untracked 
|  22|0x0000000081600000, 0x0000000081700000, 0x0000000081700000|100%| O|  |TAMS 0x0000000081700000, 0x0000000081700000| Untracked 
|  23|0x0000000081700000, 0x0000000081800000, 0x0000000081800000|100%| O|  |TAMS 0x0000000081800000, 0x0000000081800000| Untracked 
|  24|0x0000000081800000, 0x0000000081900000, 0x0000000081900000|100%| O|  |TAMS 0x0000000081900000, 0x0000000081900000| Untracked 
|  25|0x0000000081900000, 0x0000000081a00000, 0x0000000081a00000|100%| O|  |TAMS 0x0000000081a00000, 0x0000000081a00000| Untracked 
|  26|0x0000000081a00000, 0x0000000081b00000, 0x0000000081b00000|100%| O|  |TAMS 0x0000000081b00000, 0x0000000081b00000| Untracked 
|  27|0x0000000081b00000, 0x0000000081c00000, 0x0000000081c00000|100%| O|  |TAMS 0x0000000081c00000, 0x0000000081c00000| Untracked 
|  28|0x0000000081c00000, 0x0000000081d00000, 0x0000000081d00000|100%| O|  |TAMS 0x0000000081d00000, 0x0000000081d00000| Untracked 
|  29|0x0000000081d00000, 0x0000000081e00000, 0x0000000081e00000|100%| O|  |TAMS 0x0000000081e00000, 0x0000000081e00000| Untracked 
|  30|0x0000000081e00000, 0x0000000081f00000, 0x0000000081f00000|100%|HS|  |TAMS 0x0000000081f00000, 0x0000000081f00000| Complete 
|  31|0x0000000081f00000, 0x0000000082000000, 0x0000000082000000|100%|HS|  |TAMS 0x0000000082000000, 0x0000000082000000| Complete 
|  32|0x0000000082000000, 0x0000000082000000, 0x0000000082100000|  0%| F|  |TAMS 0x0000000082000000, 0x0000000082000000| Untracked 
|  33|0x0000000082100000, 0x0000000082200000, 0x0000000082200000|100%|HS|  |TAMS 0x0000000082200000, 0x0000000082200000| Complete 
|  34|0x0000000082200000, 0x0000000082300000, 0x0000000082300000|100%| O|  |TAMS 0x0000000082300000, 0x0000000082300000| Untracked 
|  35|0x0000000082300000, 0x0000000082400000, 0x0000000082400000|100%| O|  |TAMS 0x0000000082400000, 0x0000000082400000| Untracked 
|  36|0x0000000082400000, 0x0000000082500000, 0x0000000082500000|100%| O|  |TAMS 0x0000000082500000, 0x0000000082500000| Untracked 
|  37|0x0000000082500000, 0x0000000082600000, 0x0000000082600000|100%| O|  |TAMS 0x0000000082600000, 0x0000000082600000| Untracked 
|  38|0x0000000082600000, 0x0000000082700000, 0x0000000082700000|100%| O|  |TAMS 0x0000000082700000, 0x0000000082700000| Untracked 
|  39|0x0000000082700000, 0x0000000082800000, 0x0000000082800000|100%| O|  |TAMS 0x0000000082800000, 0x0000000082800000| Untracked 
|  40|0x0000000082800000, 0x0000000082900000, 0x0000000082900000|100%| O|  |TAMS 0x0000000082900000, 0x0000000082900000| Untracked 
|  41|0x0000000082900000, 0x0000000082a00000, 0x0000000082a00000|100%| O|  |TAMS 0x0000000082a00000, 0x0000000082a00000| Untracked 
|  42|0x0000000082a00000, 0x0000000082b00000, 0x0000000082b00000|100%| O|  |TAMS 0x0000000082b00000, 0x0000000082b00000| Untracked 
|  43|0x0000000082b00000, 0x0000000082c00000, 0x0000000082c00000|100%| O|  |TAMS 0x0000000082c00000, 0x0000000082c00000| Untracked 
|  44|0x0000000082c00000, 0x0000000082d00000, 0x0000000082d00000|100%|HS|  |TAMS 0x0000000082d00000, 0x0000000082d00000| Complete 
|  45|0x0000000082d00000, 0x0000000082e00000, 0x0000000082e00000|100%|HC|  |TAMS 0x0000000082e00000, 0x0000000082e00000| Complete 
|  46|0x0000000082e00000, 0x0000000082f00000, 0x0000000082f00000|100%|HC|  |TAMS 0x0000000082f00000, 0x0000000082f00000| Complete 
|  47|0x0000000082f00000, 0x0000000083000000, 0x0000000083000000|100%| O|  |TAMS 0x0000000083000000, 0x0000000083000000| Untracked 
|  48|0x0000000083000000, 0x0000000083100000, 0x0000000083100000|100%| O|  |TAMS 0x0000000083100000, 0x0000000083100000| Untracked 
|  49|0x0000000083100000, 0x0000000083200000, 0x0000000083200000|100%| O|  |TAMS 0x0000000083200000, 0x0000000083200000| Untracked 
|  50|0x0000000083200000, 0x0000000083300000, 0x0000000083300000|100%| O|  |TAMS 0x0000000083300000, 0x0000000083300000| Untracked 
|  51|0x0000000083300000, 0x0000000083400000, 0x0000000083400000|100%| O|  |TAMS 0x0000000083400000, 0x0000000083400000| Untracked 
|  52|0x0000000083400000, 0x0000000083500000, 0x0000000083500000|100%| O|  |TAMS 0x0000000083500000, 0x0000000083500000| Untracked 
|  53|0x0000000083500000, 0x0000000083600000, 0x0000000083600000|100%| O|  |TAMS 0x0000000083600000, 0x0000000083600000| Untracked 
|  54|0x0000000083600000, 0x0000000083700000, 0x0000000083700000|100%| O|  |TAMS 0x0000000083700000, 0x0000000083700000| Untracked 
|  55|0x0000000083700000, 0x0000000083800000, 0x0000000083800000|100%| O|  |TAMS 0x000000008378c600, 0x0000000083800000| Untracked 
|  56|0x0000000083800000, 0x0000000083900000, 0x0000000083900000|100%| O|  |TAMS 0x0000000083800000, 0x0000000083900000| Untracked 
|  57|0x0000000083900000, 0x0000000083a00000, 0x0000000083a00000|100%| O|  |TAMS 0x0000000083900000, 0x0000000083a00000| Untracked 
|  58|0x0000000083a00000, 0x0000000083b00000, 0x0000000083b00000|100%| O|  |TAMS 0x0000000083b00000, 0x0000000083b00000| Untracked 
|  59|0x0000000083b00000, 0x0000000083c00000, 0x0000000083c00000|100%| O|  |TAMS 0x0000000083c00000, 0x0000000083c00000| Untracked 
|  60|0x0000000083c00000, 0x0000000083d00000, 0x0000000083d00000|100%| O|  |TAMS 0x0000000083c00000, 0x0000000083d00000| Untracked 
|  61|0x0000000083d00000, 0x0000000083d27c00, 0x0000000083e00000| 15%| O|  |TAMS 0x0000000083d00000, 0x0000000083d27c00| Untracked 
|  62|0x0000000083e00000, 0x0000000083e00000, 0x0000000083f00000|  0%| F|  |TAMS 0x0000000083e00000, 0x0000000083e00000| Untracked 
|  63|0x0000000083f00000, 0x0000000083f00000, 0x0000000084000000|  0%| F|  |TAMS 0x0000000083f00000, 0x0000000083f00000| Untracked 
|  64|0x0000000084000000, 0x0000000084000000, 0x0000000084100000|  0%| F|  |TAMS 0x0000000084000000, 0x0000000084000000| Untracked 
|  65|0x0000000084100000, 0x0000000084100000, 0x0000000084200000|  0%| F|  |TAMS 0x0000000084100000, 0x0000000084100000| Untracked 
|  66|0x0000000084200000, 0x0000000084200000, 0x0000000084300000|  0%| F|  |TAMS 0x0000000084200000, 0x0000000084200000| Untracked 
|  67|0x0000000084300000, 0x0000000084300000, 0x0000000084400000|  0%| F|  |TAMS 0x0000000084300000, 0x0000000084300000| Untracked 
|  68|0x0000000084400000, 0x0000000084400000, 0x0000000084500000|  0%| F|  |TAMS 0x0000000084400000, 0x0000000084400000| Untracked 
|  69|0x0000000084500000, 0x0000000084500000, 0x0000000084600000|  0%| F|  |TAMS 0x0000000084500000, 0x0000000084500000| Untracked 
|  70|0x0000000084600000, 0x0000000084600000, 0x0000000084700000|  0%| F|  |TAMS 0x0000000084600000, 0x0000000084600000| Untracked 
|  71|0x0000000084700000, 0x0000000084700000, 0x0000000084800000|  0%| F|  |TAMS 0x0000000084700000, 0x0000000084700000| Untracked 
|  72|0x0000000084800000, 0x0000000084800000, 0x0000000084900000|  0%| F|  |TAMS 0x0000000084800000, 0x0000000084800000| Untracked 
|  73|0x0000000084900000, 0x0000000084900000, 0x0000000084a00000|  0%| F|  |TAMS 0x0000000084900000, 0x0000000084900000| Untracked 
|  74|0x0000000084a00000, 0x0000000084a00000, 0x0000000084b00000|  0%| F|  |TAMS 0x0000000084a00000, 0x0000000084a00000| Untracked 
|  75|0x0000000084b00000, 0x0000000084b00000, 0x0000000084c00000|  0%| F|  |TAMS 0x0000000084b00000, 0x0000000084b00000| Untracked 
|  76|0x0000000084c00000, 0x0000000084c00000, 0x0000000084d00000|  0%| F|  |TAMS 0x0000000084c00000, 0x0000000084c00000| Untracked 
|  77|0x0000000084d00000, 0x0000000084d00000, 0x0000000084e00000|  0%| F|  |TAMS 0x0000000084d00000, 0x0000000084d00000| Untracked 
|  78|0x0000000084e00000, 0x0000000084e00000, 0x0000000084f00000|  0%| F|  |TAMS 0x0000000084e00000, 0x0000000084e00000| Untracked 
|  79|0x0000000084f00000, 0x0000000084f00000, 0x0000000085000000|  0%| F|  |TAMS 0x0000000084f00000, 0x0000000084f00000| Untracked 
|  80|0x0000000085000000, 0x0000000085000000, 0x0000000085100000|  0%| F|  |TAMS 0x0000000085000000, 0x0000000085000000| Untracked 
|  81|0x0000000085100000, 0x0000000085100000, 0x0000000085200000|  0%| F|  |TAMS 0x0000000085100000, 0x0000000085100000| Untracked 
|  82|0x0000000085200000, 0x0000000085200000, 0x0000000085300000|  0%| F|  |TAMS 0x0000000085200000, 0x0000000085200000| Untracked 
|  83|0x0000000085300000, 0x0000000085300000, 0x0000000085400000|  0%| F|  |TAMS 0x0000000085300000, 0x0000000085300000| Untracked 
|  84|0x0000000085400000, 0x0000000085400000, 0x0000000085500000|  0%| F|  |TAMS 0x0000000085400000, 0x0000000085400000| Untracked 
|  85|0x0000000085500000, 0x0000000085500000, 0x0000000085600000|  0%| F|  |TAMS 0x0000000085500000, 0x0000000085500000| Untracked 
|  86|0x0000000085600000, 0x00000000856d5780, 0x0000000085700000| 83%| S|CS|TAMS 0x0000000085600000, 0x0000000085600000| Complete 
|  87|0x0000000085700000, 0x0000000085800000, 0x0000000085800000|100%| S|CS|TAMS 0x0000000085700000, 0x0000000085700000| Complete 
|  88|0x0000000085800000, 0x0000000085800000, 0x0000000085900000|  0%| F|  |TAMS 0x0000000085800000, 0x0000000085800000| Untracked 
|  89|0x0000000085900000, 0x0000000085900000, 0x0000000085a00000|  0%| F|  |TAMS 0x0000000085900000, 0x0000000085900000| Untracked 
|  90|0x0000000085a00000, 0x0000000085a00000, 0x0000000085b00000|  0%| F|  |TAMS 0x0000000085a00000, 0x0000000085a00000| Untracked 
|  91|0x0000000085b00000, 0x0000000085b00000, 0x0000000085c00000|  0%| F|  |TAMS 0x0000000085b00000, 0x0000000085b00000| Untracked 
|  92|0x0000000085c00000, 0x0000000085c00000, 0x0000000085d00000|  0%| F|  |TAMS 0x0000000085c00000, 0x0000000085c00000| Untracked 
|  93|0x0000000085d00000, 0x0000000085d00000, 0x0000000085e00000|  0%| F|  |TAMS 0x0000000085d00000, 0x0000000085d00000| Untracked 
|  94|0x0000000085e00000, 0x0000000085e00000, 0x0000000085f00000|  0%| F|  |TAMS 0x0000000085e00000, 0x0000000085e00000| Untracked 
|  95|0x0000000085f00000, 0x0000000085f00000, 0x0000000086000000|  0%| F|  |TAMS 0x0000000085f00000, 0x0000000085f00000| Untracked 
|  96|0x0000000086000000, 0x0000000086000000, 0x0000000086100000|  0%| F|  |TAMS 0x0000000086000000, 0x0000000086000000| Untracked 
|  97|0x0000000086100000, 0x0000000086100000, 0x0000000086200000|  0%| F|  |TAMS 0x0000000086100000, 0x0000000086100000| Untracked 
|  98|0x0000000086200000, 0x0000000086200000, 0x0000000086300000|  0%| F|  |TAMS 0x0000000086200000, 0x0000000086200000| Untracked 
|  99|0x0000000086300000, 0x0000000086300000, 0x0000000086400000|  0%| F|  |TAMS 0x0000000086300000, 0x0000000086300000| Untracked 
| 100|0x0000000086400000, 0x0000000086400000, 0x0000000086500000|  0%| F|  |TAMS 0x0000000086400000, 0x0000000086400000| Untracked 
| 101|0x0000000086500000, 0x0000000086500000, 0x0000000086600000|  0%| F|  |TAMS 0x0000000086500000, 0x0000000086500000| Untracked 
| 102|0x0000000086600000, 0x0000000086600000, 0x0000000086700000|  0%| F|  |TAMS 0x0000000086600000, 0x0000000086600000| Untracked 
| 103|0x0000000086700000, 0x0000000086700000, 0x0000000086800000|  0%| F|  |TAMS 0x0000000086700000, 0x0000000086700000| Untracked 
| 104|0x0000000086800000, 0x0000000086800000, 0x0000000086900000|  0%| F|  |TAMS 0x0000000086800000, 0x0000000086800000| Untracked 
| 105|0x0000000086900000, 0x0000000086900000, 0x0000000086a00000|  0%| F|  |TAMS 0x0000000086900000, 0x0000000086900000| Untracked 
| 106|0x0000000086a00000, 0x0000000086a00000, 0x0000000086b00000|  0%| F|  |TAMS 0x0000000086a00000, 0x0000000086a00000| Untracked 
| 107|0x0000000086b00000, 0x0000000086b00000, 0x0000000086c00000|  0%| F|  |TAMS 0x0000000086b00000, 0x0000000086b00000| Untracked 
| 108|0x0000000086c00000, 0x0000000086c00000, 0x0000000086d00000|  0%| F|  |TAMS 0x0000000086c00000, 0x0000000086c00000| Untracked 
| 109|0x0000000086d00000, 0x0000000086d00000, 0x0000000086e00000|  0%| F|  |TAMS 0x0000000086d00000, 0x0000000086d00000| Untracked 
| 110|0x0000000086e00000, 0x0000000086e00000, 0x0000000086f00000|  0%| F|  |TAMS 0x0000000086e00000, 0x0000000086e00000| Untracked 
| 111|0x0000000086f00000, 0x0000000086f00000, 0x0000000087000000|  0%| F|  |TAMS 0x0000000086f00000, 0x0000000086f00000| Untracked 
| 112|0x0000000087000000, 0x0000000087000000, 0x0000000087100000|  0%| F|  |TAMS 0x0000000087000000, 0x0000000087000000| Untracked 
| 113|0x0000000087100000, 0x0000000087100000, 0x0000000087200000|  0%| F|  |TAMS 0x0000000087100000, 0x0000000087100000| Untracked 
| 114|0x0000000087200000, 0x0000000087200000, 0x0000000087300000|  0%| F|  |TAMS 0x0000000087200000, 0x0000000087200000| Untracked 
| 115|0x0000000087300000, 0x0000000087300000, 0x0000000087400000|  0%| F|  |TAMS 0x0000000087300000, 0x0000000087300000| Untracked 
| 116|0x0000000087400000, 0x0000000087400000, 0x0000000087500000|  0%| F|  |TAMS 0x0000000087400000, 0x0000000087400000| Untracked 
| 117|0x0000000087500000, 0x0000000087500000, 0x0000000087600000|  0%| F|  |TAMS 0x0000000087500000, 0x0000000087500000| Untracked 
| 118|0x0000000087600000, 0x0000000087600000, 0x0000000087700000|  0%| F|  |TAMS 0x0000000087600000, 0x0000000087600000| Untracked 
| 119|0x0000000087700000, 0x0000000087700000, 0x0000000087800000|  0%| F|  |TAMS 0x0000000087700000, 0x0000000087700000| Untracked 
| 120|0x0000000087800000, 0x0000000087800000, 0x0000000087900000|  0%| F|  |TAMS 0x0000000087800000, 0x0000000087800000| Untracked 
| 121|0x0000000087900000, 0x0000000087900000, 0x0000000087a00000|  0%| F|  |TAMS 0x0000000087900000, 0x0000000087900000| Untracked 
| 122|0x0000000087a00000, 0x0000000087a00000, 0x0000000087b00000|  0%| F|  |TAMS 0x0000000087a00000, 0x0000000087a00000| Untracked 
| 123|0x0000000087b00000, 0x0000000087b00000, 0x0000000087c00000|  0%| F|  |TAMS 0x0000000087b00000, 0x0000000087b00000| Untracked 
| 124|0x0000000087c00000, 0x0000000087c00000, 0x0000000087d00000|  0%| F|  |TAMS 0x0000000087c00000, 0x0000000087c00000| Untracked 
| 125|0x0000000087d00000, 0x0000000087d00000, 0x0000000087e00000|  0%| F|  |TAMS 0x0000000087d00000, 0x0000000087d00000| Untracked 
| 126|0x0000000087e00000, 0x0000000087e00000, 0x0000000087f00000|  0%| F|  |TAMS 0x0000000087e00000, 0x0000000087e00000| Untracked 
| 127|0x0000000087f00000, 0x0000000087f00000, 0x0000000088000000|  0%| F|  |TAMS 0x0000000087f00000, 0x0000000087f00000| Untracked 
| 128|0x0000000088000000, 0x0000000088000000, 0x0000000088100000|  0%| F|  |TAMS 0x0000000088000000, 0x0000000088000000| Untracked 
| 129|0x0000000088100000, 0x0000000088100000, 0x0000000088200000|  0%| F|  |TAMS 0x0000000088100000, 0x0000000088100000| Untracked 
| 130|0x0000000088200000, 0x0000000088200000, 0x0000000088300000|  0%| F|  |TAMS 0x0000000088200000, 0x0000000088200000| Untracked 
| 131|0x0000000088300000, 0x0000000088300000, 0x0000000088400000|  0%| F|  |TAMS 0x0000000088300000, 0x0000000088300000| Untracked 
| 132|0x0000000088400000, 0x0000000088400000, 0x0000000088500000|  0%| F|  |TAMS 0x0000000088400000, 0x0000000088400000| Untracked 
| 133|0x0000000088500000, 0x0000000088500000, 0x0000000088600000|  0%| F|  |TAMS 0x0000000088500000, 0x0000000088500000| Untracked 
| 134|0x0000000088600000, 0x0000000088600000, 0x0000000088700000|  0%| F|  |TAMS 0x0000000088600000, 0x0000000088600000| Untracked 
| 135|0x0000000088700000, 0x0000000088700000, 0x0000000088800000|  0%| F|  |TAMS 0x0000000088700000, 0x0000000088700000| Untracked 
| 136|0x0000000088800000, 0x0000000088800000, 0x0000000088900000|  0%| F|  |TAMS 0x0000000088800000, 0x0000000088800000| Untracked 
| 137|0x0000000088900000, 0x0000000088900000, 0x0000000088a00000|  0%| F|  |TAMS 0x0000000088900000, 0x0000000088900000| Untracked 
| 138|0x0000000088a00000, 0x0000000088a00000, 0x0000000088b00000|  0%| F|  |TAMS 0x0000000088a00000, 0x0000000088a00000| Untracked 
| 139|0x0000000088b00000, 0x0000000088b00000, 0x0000000088c00000|  0%| F|  |TAMS 0x0000000088b00000, 0x0000000088b00000| Untracked 
| 140|0x0000000088c00000, 0x0000000088c00000, 0x0000000088d00000|  0%| F|  |TAMS 0x0000000088c00000, 0x0000000088c00000| Untracked 
| 141|0x0000000088d00000, 0x0000000088d00000, 0x0000000088e00000|  0%| F|  |TAMS 0x0000000088d00000, 0x0000000088d00000| Untracked 
| 142|0x0000000088e00000, 0x0000000088e00000, 0x0000000088f00000|  0%| F|  |TAMS 0x0000000088e00000, 0x0000000088e00000| Untracked 
| 143|0x0000000088f00000, 0x0000000088f00000, 0x0000000089000000|  0%| F|  |TAMS 0x0000000088f00000, 0x0000000088f00000| Untracked 
| 144|0x0000000089000000, 0x0000000089000000, 0x0000000089100000|  0%| F|  |TAMS 0x0000000089000000, 0x0000000089000000| Untracked 
| 145|0x0000000089100000, 0x0000000089100000, 0x0000000089200000|  0%| F|  |TAMS 0x0000000089100000, 0x0000000089100000| Untracked 
| 146|0x0000000089200000, 0x0000000089200000, 0x0000000089300000|  0%| F|  |TAMS 0x0000000089200000, 0x0000000089200000| Untracked 
| 147|0x0000000089300000, 0x0000000089300000, 0x0000000089400000|  0%| F|  |TAMS 0x0000000089300000, 0x0000000089300000| Untracked 
| 148|0x0000000089400000, 0x0000000089400000, 0x0000000089500000|  0%| F|  |TAMS 0x0000000089400000, 0x0000000089400000| Untracked 
| 149|0x0000000089500000, 0x0000000089500000, 0x0000000089600000|  0%| F|  |TAMS 0x0000000089500000, 0x0000000089500000| Untracked 
| 150|0x0000000089600000, 0x0000000089600000, 0x0000000089700000|  0%| F|  |TAMS 0x0000000089600000, 0x0000000089600000| Untracked 
| 151|0x0000000089700000, 0x0000000089700000, 0x0000000089800000|  0%| F|  |TAMS 0x0000000089700000, 0x0000000089700000| Untracked 
| 152|0x0000000089800000, 0x0000000089800000, 0x0000000089900000|  0%| F|  |TAMS 0x0000000089800000, 0x0000000089800000| Untracked 
| 153|0x0000000089900000, 0x0000000089900000, 0x0000000089a00000|  0%| F|  |TAMS 0x0000000089900000, 0x0000000089900000| Untracked 
| 154|0x0000000089a00000, 0x0000000089a00000, 0x0000000089b00000|  0%| F|  |TAMS 0x0000000089a00000, 0x0000000089a00000| Untracked 
| 155|0x0000000089b00000, 0x0000000089b00000, 0x0000000089c00000|  0%| F|  |TAMS 0x0000000089b00000, 0x0000000089b00000| Untracked 
| 156|0x0000000089c00000, 0x0000000089c00000, 0x0000000089d00000|  0%| F|  |TAMS 0x0000000089c00000, 0x0000000089c00000| Untracked 
| 157|0x0000000089d00000, 0x0000000089d00000, 0x0000000089e00000|  0%| F|  |TAMS 0x0000000089d00000, 0x0000000089d00000| Untracked 
| 158|0x0000000089e00000, 0x0000000089e00000, 0x0000000089f00000|  0%| F|  |TAMS 0x0000000089e00000, 0x0000000089e00000| Untracked 
| 159|0x0000000089f00000, 0x0000000089f00000, 0x000000008a000000|  0%| F|  |TAMS 0x0000000089f00000, 0x0000000089f00000| Untracked 
| 160|0x000000008a000000, 0x000000008a000000, 0x000000008a100000|  0%| F|  |TAMS 0x000000008a000000, 0x000000008a000000| Untracked 
| 161|0x000000008a100000, 0x000000008a100000, 0x000000008a200000|  0%| F|  |TAMS 0x000000008a100000, 0x000000008a100000| Untracked 
| 162|0x000000008a200000, 0x000000008a200000, 0x000000008a300000|  0%| F|  |TAMS 0x000000008a200000, 0x000000008a200000| Untracked 
| 163|0x000000008a300000, 0x000000008a300000, 0x000000008a400000|  0%| F|  |TAMS 0x000000008a300000, 0x000000008a300000| Untracked 
| 164|0x000000008a400000, 0x000000008a400000, 0x000000008a500000|  0%| F|  |TAMS 0x000000008a400000, 0x000000008a400000| Untracked 
| 165|0x000000008a500000, 0x000000008a500000, 0x000000008a600000|  0%| F|  |TAMS 0x000000008a500000, 0x000000008a500000| Untracked 
| 166|0x000000008a600000, 0x000000008a600000, 0x000000008a700000|  0%| F|  |TAMS 0x000000008a600000, 0x000000008a600000| Untracked 
| 167|0x000000008a700000, 0x000000008a700000, 0x000000008a800000|  0%| F|  |TAMS 0x000000008a700000, 0x000000008a700000| Untracked 
| 168|0x000000008a800000, 0x000000008a800000, 0x000000008a900000|  0%| F|  |TAMS 0x000000008a800000, 0x000000008a800000| Untracked 
| 169|0x000000008a900000, 0x000000008a900000, 0x000000008aa00000|  0%| F|  |TAMS 0x000000008a900000, 0x000000008a900000| Untracked 
| 170|0x000000008aa00000, 0x000000008aa00000, 0x000000008ab00000|  0%| F|  |TAMS 0x000000008aa00000, 0x000000008aa00000| Untracked 
| 171|0x000000008ab00000, 0x000000008ab00000, 0x000000008ac00000|  0%| F|  |TAMS 0x000000008ab00000, 0x000000008ab00000| Untracked 
| 172|0x000000008ac00000, 0x000000008ac00000, 0x000000008ad00000|  0%| F|  |TAMS 0x000000008ac00000, 0x000000008ac00000| Untracked 
| 173|0x000000008ad00000, 0x000000008ad00000, 0x000000008ae00000|  0%| F|  |TAMS 0x000000008ad00000, 0x000000008ad00000| Untracked 
| 174|0x000000008ae00000, 0x000000008ae00000, 0x000000008af00000|  0%| F|  |TAMS 0x000000008ae00000, 0x000000008ae00000| Untracked 
| 175|0x000000008af00000, 0x000000008af00000, 0x000000008b000000|  0%| F|  |TAMS 0x000000008af00000, 0x000000008af00000| Untracked 
| 176|0x000000008b000000, 0x000000008b000000, 0x000000008b100000|  0%| F|  |TAMS 0x000000008b000000, 0x000000008b000000| Untracked 
| 177|0x000000008b100000, 0x000000008b100000, 0x000000008b200000|  0%| F|  |TAMS 0x000000008b100000, 0x000000008b100000| Untracked 
| 178|0x000000008b200000, 0x000000008b200000, 0x000000008b300000|  0%| F|  |TAMS 0x000000008b200000, 0x000000008b200000| Untracked 
| 179|0x000000008b300000, 0x000000008b300000, 0x000000008b400000|  0%| F|  |TAMS 0x000000008b300000, 0x000000008b300000| Untracked 
| 180|0x000000008b400000, 0x000000008b400000, 0x000000008b500000|  0%| F|  |TAMS 0x000000008b400000, 0x000000008b400000| Untracked 
| 181|0x000000008b500000, 0x000000008b500000, 0x000000008b600000|  0%| F|  |TAMS 0x000000008b500000, 0x000000008b500000| Untracked 
| 182|0x000000008b600000, 0x000000008b600000, 0x000000008b700000|  0%| F|  |TAMS 0x000000008b600000, 0x000000008b600000| Untracked 
| 183|0x000000008b700000, 0x000000008b700000, 0x000000008b800000|  0%| F|  |TAMS 0x000000008b700000, 0x000000008b700000| Untracked 
| 184|0x000000008b800000, 0x000000008b800000, 0x000000008b900000|  0%| F|  |TAMS 0x000000008b800000, 0x000000008b800000| Untracked 
| 185|0x000000008b900000, 0x000000008b900000, 0x000000008ba00000|  0%| F|  |TAMS 0x000000008b900000, 0x000000008b900000| Untracked 
| 186|0x000000008ba00000, 0x000000008ba00000, 0x000000008bb00000|  0%| F|  |TAMS 0x000000008ba00000, 0x000000008ba00000| Untracked 
| 187|0x000000008bb00000, 0x000000008bb00000, 0x000000008bc00000|  0%| F|  |TAMS 0x000000008bb00000, 0x000000008bb00000| Untracked 
| 188|0x000000008bc00000, 0x000000008bc00000, 0x000000008bd00000|  0%| F|  |TAMS 0x000000008bc00000, 0x000000008bc00000| Untracked 
| 189|0x000000008bd00000, 0x000000008bd00000, 0x000000008be00000|  0%| F|  |TAMS 0x000000008bd00000, 0x000000008bd00000| Untracked 

Card table byte_map: [0x000002dc72b10000,0x000002dc72f10000] _byte_map_base: 0x000002dc72710000

Marking Bits (Prev, Next): (CMBitMap*) 0x000002dc6aeaf860, (CMBitMap*) 0x000002dc6aeaf8a0
 Prev Bits: [0x000002dc73310000, 0x000002dc75310000)
 Next Bits: [0x000002dc75310000, 0x000002dc77310000)

Polling page: 0x000002dc68d70000

Metaspace:

Usage:
  Non-class:     45.65 MB used.
      Class:      7.12 MB used.
       Both:     52.77 MB used.

Virtual space:
  Non-class space:       64.00 MB reserved,      45.88 MB ( 72%) committed,  1 nodes.
      Class space:        1.00 GB reserved,       7.38 MB ( <1%) committed,  1 nodes.
             Both:        1.06 GB reserved,      53.25 MB (  5%) committed. 

Chunk freelists:
   Non-Class:  2.01 MB
       Class:  8.47 MB
        Both:  10.48 MB

MaxMetaspaceSize: unlimited
CompressedClassSpaceSize: 1.00 GB
Initial GC threshold: 21.00 MB
Current GC threshold: 86.88 MB
CDS: on
MetaspaceReclaimPolicy: balanced
 - commit_granule_bytes: 65536.
 - commit_granule_words: 8192.
 - virtual_space_node_default_size: 8388608.
 - enlarge_chunks_in_place: 1.
 - new_chunks_are_fully_committed: 0.
 - uncommit_free_chunks: 1.
 - use_allocation_guard: 0.
 - handle_deallocations: 1.


Internal statistics:

num_allocs_failed_limit: 6.
num_arena_births: 582.
num_arena_deaths: 0.
num_vsnodes_births: 2.
num_vsnodes_deaths: 0.
num_space_committed: 852.
num_space_uncommitted: 0.
num_chunks_returned_to_freelist: 6.
num_chunks_taken_from_freelist: 2631.
num_chunk_merges: 6.
num_chunk_splits: 1764.
num_chunks_enlarged: 1193.
num_inconsistent_stats: 0.

CodeHeap 'non-profiled nmethods': size=120000Kb used=3650Kb max_used=3650Kb free=116349Kb
 bounds [0x000002dc07ad0000, 0x000002dc07e70000, 0x000002dc0f000000]
CodeHeap 'profiled nmethods': size=120000Kb used=12421Kb max_used=12421Kb free=107578Kb
 bounds [0x000002dc00000000, 0x000002dc00c30000, 0x000002dc07530000]
CodeHeap 'non-nmethods': size=5760Kb used=2379Kb max_used=2415Kb free=3380Kb
 bounds [0x000002dc07530000, 0x000002dc077a0000, 0x000002dc07ad0000]
 total_blobs=7161 nmethods=6284 adapters=787
 compilation: enabled
              stopped_count=0, restarted_count=0
 full_count=0

Compilation events (20 events):
Event: 7.898 Thread 0x000002dc79806a70 7133 %     3       groovy.lang.MetaClassImpl::inheritInterfaceNewMetaMethods @ 100 (195 bytes)
Event: 7.900 Thread 0x000002dc79806a70 nmethod 7133% 0x000002dc00c19a90 code [0x000002dc00c19da0, 0x000002dc00c1b3d8]
Event: 7.900 Thread 0x000002dc79806a70 7134       3       groovy.lang.MetaClassImpl::inheritInterfaceNewMetaMethods (195 bytes)
Event: 7.901 Thread 0x000002dc79806a70 nmethod 7134 0x000002dc00c1bb90 code [0x000002dc00c1be80, 0x000002dc00c1d198]
Event: 7.909 Thread 0x000002dc79806a70 7136       3       java.util.LinkedList$ListItr::set (28 bytes)
Event: 7.909 Thread 0x000002dc79806a70 nmethod 7136 0x000002dc00c1d810 code [0x000002dc00c1d9e0, 0x000002dc00c1ddd8]
Event: 7.909 Thread 0x000002dc79806a70 7137       3       org.codehaus.groovy.reflection.stdclasses.CachedSAMClass::isAssignableFrom (30 bytes)
Event: 7.909 Thread 0x000002dc79806a70 nmethod 7137 0x000002dc00c1df90 code [0x000002dc00c1e160, 0x000002dc00c1e478]
Event: 7.919 Thread 0x000002dc79806a70 7138       3       java.util.stream.ReferencePipeline::collect (124 bytes)
Event: 7.919 Thread 0x000002dc79806a70 nmethod 7138 0x000002dc00c1e590 code [0x000002dc00c1e820, 0x000002dc00c1f4c8]
Event: 7.928 Thread 0x000002dc797fbd40 nmethod 7101 0x000002dc07e5a110 code [0x000002dc07e5a480, 0x000002dc07e5ded0]
Event: 7.928 Thread 0x000002dc797fbd40 7135       4       java.util.Arrays::binarySearch0 (95 bytes)
Event: 7.930 Thread 0x000002dc797fbd40 nmethod 7135 0x000002dc07e5fe10 code [0x000002dc07e5ffa0, 0x000002dc07e600f8]
Event: 7.930 Thread 0x000002dc797fbd40 7081       4       java.lang.PublicMethods$MethodList::merge (192 bytes)
Event: 7.935 Thread 0x000002dc797fbd40 nmethod 7081 0x000002dc07e60290 code [0x000002dc07e60420, 0x000002dc07e60898]
Event: 7.935 Thread 0x000002dc797fbd40 7121       4       com.sun.beans.introspect.MethodInfo$MethodOrder::compare (167 bytes)
Event: 7.938 Thread 0x000002dc79806a70 7139       3       java.util.Arrays::sort (32 bytes)
Event: 7.938 Thread 0x000002dc79806a70 nmethod 7139 0x000002dc00c1f910 code [0x000002dc00c1fac0, 0x000002dc00c1fc58]
Event: 7.938 Thread 0x000002dc79806a70 7140       3       org.codehaus.groovy.runtime.metaclass.MetaMethodIndex::addMethodToList (131 bytes)
Event: 7.939 Thread 0x000002dc79806a70 nmethod 7140 0x000002dc00c1fd90 code [0x000002dc00c20040, 0x000002dc00c21268]

GC Heap History (20 events):
Event: 5.562 GC heap after
{Heap after GC invocations=13 (full 0):
 garbage-first heap   total 81920K, used 45488K [0x0000000080000000, 0x0000000100000000)
  region size 1024K, 2 young (2048K), 2 survivors (2048K)
 Metaspace       used 39473K, committed 39872K, reserved 1114112K
  class space    used 5424K, committed 5632K, reserved 1048576K
}
Event: 5.783 GC heap before
{Heap before GC invocations=14 (full 0):
 garbage-first heap   total 91136K, used 59824K [0x0000000080000000, 0x0000000100000000)
  region size 1024K, 13 young (13312K), 2 survivors (2048K)
 Metaspace       used 40123K, committed 40512K, reserved 1114112K
  class space    used 5507K, committed 5696K, reserved 1048576K
}
Event: 5.786 GC heap after
{Heap after GC invocations=15 (full 0):
 garbage-first heap   total 91136K, used 52214K [0x0000000080000000, 0x0000000100000000)
  region size 1024K, 2 young (2048K), 2 survivors (2048K)
 Metaspace       used 40123K, committed 40512K, reserved 1114112K
  class space    used 5507K, committed 5696K, reserved 1048576K
}
Event: 5.973 GC heap before
{Heap before GC invocations=15 (full 0):
 garbage-first heap   total 91136K, used 64502K [0x0000000080000000, 0x0000000100000000)
  region size 1024K, 14 young (14336K), 2 survivors (2048K)
 Metaspace       used 41739K, committed 42176K, reserved 1114112K
  class space    used 5722K, committed 5952K, reserved 1048576K
}
Event: 5.976 GC heap after
{Heap after GC invocations=16 (full 0):
 garbage-first heap   total 109568K, used 52715K [0x0000000080000000, 0x0000000100000000)
  region size 1024K, 1 young (1024K), 1 survivors (1024K)
 Metaspace       used 41739K, committed 42176K, reserved 1114112K
  class space    used 5722K, committed 5952K, reserved 1048576K
}
Event: 6.345 GC heap before
{Heap before GC invocations=17 (full 0):
 garbage-first heap   total 109568K, used 72171K [0x0000000080000000, 0x0000000100000000)
  region size 1024K, 20 young (20480K), 1 survivors (1024K)
 Metaspace       used 44756K, committed 45184K, reserved 1114112K
  class space    used 6064K, committed 6272K, reserved 1048576K
}
Event: 6.348 GC heap after
{Heap after GC invocations=18 (full 0):
 garbage-first heap   total 109568K, used 53486K [0x0000000080000000, 0x0000000100000000)
  region size 1024K, 2 young (2048K), 2 survivors (2048K)
 Metaspace       used 44756K, committed 45184K, reserved 1114112K
  class space    used 6064K, committed 6272K, reserved 1048576K
}
Event: 6.821 GC heap before
{Heap before GC invocations=18 (full 0):
 garbage-first heap   total 109568K, used 72942K [0x0000000080000000, 0x0000000100000000)
  region size 1024K, 22 young (22528K), 2 survivors (2048K)
 Metaspace       used 48724K, committed 49280K, reserved 1114112K
  class space    used 6584K, committed 6848K, reserved 1048576K
}
Event: 6.826 GC heap after
{Heap after GC invocations=19 (full 0):
 garbage-first heap   total 109568K, used 55591K [0x0000000080000000, 0x0000000100000000)
  region size 1024K, 3 young (3072K), 3 survivors (3072K)
 Metaspace       used 48724K, committed 49280K, reserved 1114112K
  class space    used 6584K, committed 6848K, reserved 1048576K
}
Event: 7.092 GC heap before
{Heap before GC invocations=20 (full 0):
 garbage-first heap   total 116736K, used 84263K [0x0000000080000000, 0x0000000100000000)
  region size 1024K, 25 young (25600K), 3 survivors (3072K)
 Metaspace       used 49970K, committed 50432K, reserved 1114112K
  class space    used 6753K, committed 6976K, reserved 1048576K
}
Event: 7.097 GC heap after
{Heap after GC invocations=21 (full 0):
 garbage-first heap   total 116736K, used 57916K [0x0000000080000000, 0x0000000100000000)
  region size 1024K, 4 young (4096K), 4 survivors (4096K)
 Metaspace       used 49970K, committed 50432K, reserved 1114112K
  class space    used 6753K, committed 6976K, reserved 1048576K
}
Event: 7.117 GC heap before
{Heap before GC invocations=21 (full 0):
 garbage-first heap   total 116736K, used 58940K [0x0000000080000000, 0x0000000100000000)
  region size 1024K, 5 young (5120K), 4 survivors (4096K)
 Metaspace       used 50083K, committed 50624K, reserved 1114112K
  class space    used 6767K, committed 7040K, reserved 1048576K
}
Event: 7.121 GC heap after
{Heap after GC invocations=22 (full 0):
 garbage-first heap   total 116736K, used 58625K [0x0000000080000000, 0x0000000100000000)
  region size 1024K, 1 young (1024K), 1 survivors (1024K)
 Metaspace       used 50083K, committed 50624K, reserved 1114112K
  class space    used 6767K, committed 7040K, reserved 1048576K
}
Event: 7.463 GC heap before
{Heap before GC invocations=22 (full 0):
 garbage-first heap   total 116736K, used 83201K [0x0000000080000000, 0x0000000100000000)
  region size 1024K, 26 young (26624K), 1 survivors (1024K)
 Metaspace       used 52240K, committed 52800K, reserved 1114112K
  class space    used 7014K, committed 7296K, reserved 1048576K
}
Event: 7.466 GC heap after
{Heap after GC invocations=23 (full 0):
 garbage-first heap   total 116736K, used 59887K [0x0000000080000000, 0x0000000100000000)
  region size 1024K, 2 young (2048K), 2 survivors (2048K)
 Metaspace       used 52240K, committed 52800K, reserved 1114112K
  class space    used 7014K, committed 7296K, reserved 1048576K
}
Event: 7.794 GC heap before
{Heap before GC invocations=24 (full 0):
 garbage-first heap   total 116736K, used 86511K [0x0000000080000000, 0x0000000100000000)
  region size 1024K, 28 young (28672K), 2 survivors (2048K)
 Metaspace       used 53949K, committed 54464K, reserved 1114112K
  class space    used 7283K, committed 7552K, reserved 1048576K
}
Event: 7.799 GC heap after
{Heap after GC invocations=25 (full 0):
 garbage-first heap   total 116736K, used 62129K [0x0000000080000000, 0x0000000100000000)
  region size 1024K, 4 young (4096K), 4 survivors (4096K)
 Metaspace       used 53949K, committed 54464K, reserved 1114112K
  class space    used 7283K, committed 7552K, reserved 1048576K
}
Event: 7.806 GC heap before
{Heap before GC invocations=25 (full 0):
 garbage-first heap   total 116736K, used 63153K [0x0000000080000000, 0x0000000100000000)
  region size 1024K, 5 young (5120K), 4 survivors (4096K)
 Metaspace       used 53958K, committed 54464K, reserved 1114112K
  class space    used 7284K, committed 7552K, reserved 1048576K
}
Event: 7.810 GC heap after
{Heap after GC invocations=26 (full 0):
 garbage-first heap   total 116736K, used 62469K [0x0000000080000000, 0x0000000100000000)
  region size 1024K, 1 young (1024K), 1 survivors (1024K)
 Metaspace       used 53958K, committed 54464K, reserved 1114112K
  class space    used 7284K, committed 7552K, reserved 1048576K
}
Event: 7.942 GC heap before
{Heap before GC invocations=26 (full 0):
 garbage-first heap   total 116736K, used 88069K [0x0000000080000000, 0x0000000100000000)
  region size 1024K, 26 young (26624K), 1 survivors (1024K)
 Metaspace       used 54037K, committed 54528K, reserved 1114112K
  class space    used 7292K, committed 7552K, reserved 1048576K
}

Deoptimization events (20 events):
Event: 7.876 Thread 0x000002dc5082f4a0 Uncommon trap: trap_request=0xffffffc6 fr.pc=0x000002dc07b85764 relative=0x00000000000006e4
Event: 7.876 Thread 0x000002dc5082f4a0 Uncommon trap: reason=bimorphic_or_optimized_type_check action=maybe_recompile pc=0x000002dc07b85764 method=java.util.Arrays.binarySearch0([Ljava/lang/Object;IILjava/lang/Object;Ljava/util/Comparator;)I @ 48 c2
Event: 7.876 Thread 0x000002dc5082f4a0 DEOPT PACKING pc=0x000002dc07b85764 sp=0x000000dc83ff5df0
Event: 7.876 Thread 0x000002dc5082f4a0 DEOPT UNPACKING pc=0x000002dc07585ba3 sp=0x000000dc83ff5d70 mode 2
Event: 7.876 Thread 0x000002dc5082f4a0 Uncommon trap: trap_request=0xffffffc6 fr.pc=0x000002dc07b85764 relative=0x00000000000006e4
Event: 7.876 Thread 0x000002dc5082f4a0 Uncommon trap: reason=bimorphic_or_optimized_type_check action=maybe_recompile pc=0x000002dc07b85764 method=java.util.Arrays.binarySearch0([Ljava/lang/Object;IILjava/lang/Object;Ljava/util/Comparator;)I @ 48 c2
Event: 7.876 Thread 0x000002dc5082f4a0 DEOPT PACKING pc=0x000002dc07b85764 sp=0x000000dc83ff5df0
Event: 7.876 Thread 0x000002dc5082f4a0 DEOPT UNPACKING pc=0x000002dc07585ba3 sp=0x000000dc83ff5d70 mode 2
Event: 7.876 Thread 0x000002dc5082f4a0 Uncommon trap: trap_request=0xffffffc6 fr.pc=0x000002dc07b85764 relative=0x00000000000006e4
Event: 7.876 Thread 0x000002dc5082f4a0 Uncommon trap: reason=bimorphic_or_optimized_type_check action=maybe_recompile pc=0x000002dc07b85764 method=java.util.Arrays.binarySearch0([Ljava/lang/Object;IILjava/lang/Object;Ljava/util/Comparator;)I @ 48 c2
Event: 7.876 Thread 0x000002dc5082f4a0 DEOPT PACKING pc=0x000002dc07b85764 sp=0x000000dc83ff5df0
Event: 7.876 Thread 0x000002dc5082f4a0 DEOPT UNPACKING pc=0x000002dc07585ba3 sp=0x000000dc83ff5d70 mode 2
Event: 7.880 Thread 0x000002dc5082f4a0 Uncommon trap: trap_request=0xffffff45 fr.pc=0x000002dc07e52a78 relative=0x0000000000003918
Event: 7.880 Thread 0x000002dc5082f4a0 Uncommon trap: reason=unstable_if action=reinterpret pc=0x000002dc07e52a78 method=groovy.lang.MetaClassImpl.checkIfStdMethod(Lgroovy/lang/MetaMethod;)V @ 55 c2
Event: 7.880 Thread 0x000002dc5082f4a0 DEOPT PACKING pc=0x000002dc07e52a78 sp=0x000000dc83ff5d90
Event: 7.880 Thread 0x000002dc5082f4a0 DEOPT UNPACKING pc=0x000002dc07585ba3 sp=0x000000dc83ff5d90 mode 2
Event: 7.938 Thread 0x000002dc5082f4a0 Uncommon trap: trap_request=0xffffff45 fr.pc=0x000002dc07dd5e20 relative=0x0000000000005740
Event: 7.938 Thread 0x000002dc5082f4a0 Uncommon trap: reason=unstable_if action=reinterpret pc=0x000002dc07dd5e20 method=org.codehaus.groovy.runtime.metaclass.MetaMethodIndex.isOverridden(Lgroovy/lang/MetaMethod;Lgroovy/lang/MetaMethod;)Z @ 33 c2
Event: 7.938 Thread 0x000002dc5082f4a0 DEOPT PACKING pc=0x000002dc07dd5e20 sp=0x000000dc83ff4490
Event: 7.938 Thread 0x000002dc5082f4a0 DEOPT UNPACKING pc=0x000002dc07585ba3 sp=0x000000dc83ff4478 mode 2

Classes unloaded (0 events):
No events

Classes redefined (0 events):
No events

Internal exceptions (20 events):
Event: 7.877 Thread 0x000002dc5082f4a0 Exception <a 'java/lang/ClassNotFoundException'{0x0000000086354c30}: com/google/firebase/crashlytics/buildtools/gradle/CrashlyticsExtensionBeanInfo> (0x0000000086354c30) 
thrown [s\open\src\hotspot\share\classfile\systemDictionary.cpp, line 256]
Event: 7.877 Thread 0x000002dc5082f4a0 Exception <a 'java/lang/ClassNotFoundException'{0x0000000086361460}: com/google/firebase/crashlytics/buildtools/gradle/CrashlyticsExtensionCustomizer> (0x0000000086361460) 
thrown [s\open\src\hotspot\share\classfile\systemDictionary.cpp, line 256]
Event: 7.881 Thread 0x000002dc5082f4a0 Exception <a 'java/lang/ClassNotFoundException'{0x00000000863bee30}: org/gradle/internal/extensibility/DefaultConventionBeanInfo> (0x00000000863bee30) 
thrown [s\open\src\hotspot\share\classfile\systemDictionary.cpp, line 256]
Event: 7.882 Thread 0x000002dc5082f4a0 Exception <a 'java/lang/ClassNotFoundException'{0x00000000863d4ff8}: org/gradle/internal/extensibility/DefaultConventionCustomizer> (0x00000000863d4ff8) 
thrown [s\open\src\hotspot\share\classfile\systemDictionary.cpp, line 256]
Event: 7.888 Thread 0x000002dc5082f4a0 Exception <a 'java/lang/ClassNotFoundException'{0x0000000086255c00}: com/google/firebase/crashlytics/buildtools/gradle/CrashlyticsExtension$SymbolGeneratorBeanInfo> (0x0000000086255c00) 
thrown [s\open\src\hotspot\share\classfile\systemDictionary.cpp, line 256]
Event: 7.888 Thread 0x000002dc5082f4a0 Exception <a 'java/lang/ClassNotFoundException'{0x00000000862638d8}: com/google/firebase/crashlytics/buildtools/gradle/CrashlyticsExtension$SymbolGeneratorCustomizer> (0x00000000862638d8) 
thrown [s\open\src\hotspot\share\classfile\systemDictionary.cpp, line 256]
Event: 7.890 Thread 0x000002dc5082f4a0 Exception <a 'java/lang/ClassNotFoundException'{0x00000000862a7010}: com/google/firebase/crashlytics/buildtools/gradle/CrashlyticsExtension_DecoratedBeanInfo> (0x00000000862a7010) 
thrown [s\open\src\hotspot\share\classfile\systemDictionary.cpp, line 256]
Event: 7.890 Thread 0x000002dc5082f4a0 Exception <a 'java/lang/ClassNotFoundException'{0x00000000862b46d8}: com/google/firebase/crashlytics/buildtools/gradle/CrashlyticsExtension_DecoratedCustomizer> (0x00000000862b46d8) 
thrown [s\open\src\hotspot\share\classfile\systemDictionary.cpp, line 256]
Event: 7.894 Thread 0x000002dc5082f4a0 Exception <a 'java/lang/ClassNotFoundException'{0x000000008613b0f8}: com/google/firebase/crashlytics/buildtools/gradle/CrashlyticsExtension$SymbolGenerator_DecoratedBeanInfo> (0x000000008613b0f8) 
thrown [s\open\src\hotspot\share\classfile\systemDictionary.cpp, line 256]
Event: 7.895 Thread 0x000002dc5082f4a0 Exception <a 'java/lang/ClassNotFoundException'{0x00000000861489d0}: com/google/firebase/crashlytics/buildtools/gradle/CrashlyticsExtension$SymbolGenerator_DecoratedCustomizer> (0x00000000861489d0) 
thrown [s\open\src\hotspot\share\classfile\systemDictionary.cpp, line 256]
Event: 7.902 Thread 0x000002dc5082f4a0 Exception <a 'java/lang/ClassNotFoundException'{0x0000000085fb03d0}: org/gradle/api/internal/FactoryNamedDomainObjectContainer_DecoratedBeanInfo> (0x0000000085fb03d0) 
thrown [s\open\src\hotspot\share\classfile\systemDictionary.cpp, line 256]
Event: 7.903 Thread 0x000002dc5082f4a0 Exception <a 'java/lang/ClassNotFoundException'{0x0000000085fc62e0}: org/gradle/api/internal/FactoryNamedDomainObjectContainerBeanInfo> (0x0000000085fc62e0) 
thrown [s\open\src\hotspot\share\classfile\systemDictionary.cpp, line 256]
Event: 7.904 Thread 0x000002dc5082f4a0 Exception <a 'java/lang/ClassNotFoundException'{0x0000000085fdc1e8}: org/gradle/api/internal/AbstractNamedDomainObjectContainerBeanInfo> (0x0000000085fdc1e8) 
thrown [s\open\src\hotspot\share\classfile\systemDictionary.cpp, line 256]
Event: 7.904 Thread 0x000002dc5082f4a0 Exception <a 'java/lang/ClassNotFoundException'{0x0000000085ff1f90}: org/gradle/api/internal/DefaultNamedDomainObjectSetBeanInfo> (0x0000000085ff1f90) 
thrown [s\open\src\hotspot\share\classfile\systemDictionary.cpp, line 256]
Event: 7.905 Thread 0x000002dc5082f4a0 Exception <a 'java/lang/ClassNotFoundException'{0x0000000085e08478}: org/gradle/api/internal/DefaultNamedDomainObjectSetCustomizer> (0x0000000085e08478) 
thrown [s\open\src\hotspot\share\classfile\systemDictionary.cpp, line 256]
Event: 7.906 Thread 0x000002dc5082f4a0 Exception <a 'java/lang/ClassNotFoundException'{0x0000000085e33fb0}: org/gradle/api/internal/AbstractNamedDomainObjectContainerCustomizer> (0x0000000085e33fb0) 
thrown [s\open\src\hotspot\share\classfile\systemDictionary.cpp, line 256]
Event: 7.907 Thread 0x000002dc5082f4a0 Exception <a 'java/lang/ClassNotFoundException'{0x0000000085e5d5a0}: org/gradle/api/internal/FactoryNamedDomainObjectContainerCustomizer> (0x0000000085e5d5a0) 
thrown [s\open\src\hotspot\share\classfile\systemDictionary.cpp, line 256]
Event: 7.908 Thread 0x000002dc5082f4a0 Exception <a 'java/lang/ClassNotFoundException'{0x0000000085e7c600}: org/gradle/api/internal/FactoryNamedDomainObjectContainer_DecoratedCustomizer> (0x0000000085e7c600) 
thrown [s\open\src\hotspot\share\classfile\systemDictionary.cpp, line 256]
Event: 7.941 Thread 0x000002dc5082f4a0 Exception <a 'java/lang/ClassNotFoundException'{0x00000000858eb850}: com/android/build/gradle/internal/dsl/BuildType$AgpDecorated_DecoratedBeanInfo> (0x00000000858eb850) 
thrown [s\open\src\hotspot\share\classfile\systemDictionary.cpp, line 256]
Event: 7.942 Thread 0x000002dc5082f4a0 Exception <a 'java/lang/ClassNotFoundException'{0x00000000858f9060}: com/android/build/gradle/internal/dsl/BuildType$AgpDecoratedBeanInfo> (0x00000000858f9060) 
thrown [s\open\src\hotspot\share\classfile\systemDictionary.cpp, line 256]

VM Operations (20 events):
Event: 6.915 Executing VM operation: G1Concurrent done
Event: 7.092 Executing VM operation: G1CollectForAllocation
Event: 7.097 Executing VM operation: G1CollectForAllocation done
Event: 7.117 Executing VM operation: G1CollectForAllocation
Event: 7.122 Executing VM operation: G1CollectForAllocation done
Event: 7.340 Executing VM operation: ICBufferFull
Event: 7.341 Executing VM operation: ICBufferFull done
Event: 7.463 Executing VM operation: G1CollectForAllocation
Event: 7.467 Executing VM operation: G1CollectForAllocation done
Event: 7.531 Executing VM operation: G1Concurrent
Event: 7.535 Executing VM operation: G1Concurrent done
Event: 7.569 Executing VM operation: G1Concurrent
Event: 7.569 Executing VM operation: G1Concurrent done
Event: 7.688 Executing VM operation: HandshakeAllThreads
Event: 7.688 Executing VM operation: HandshakeAllThreads done
Event: 7.793 Executing VM operation: G1CollectForAllocation
Event: 7.799 Executing VM operation: G1CollectForAllocation done
Event: 7.805 Executing VM operation: G1CollectForAllocation
Event: 7.810 Executing VM operation: G1CollectForAllocation done
Event: 7.942 Executing VM operation: G1CollectForAllocation

Events (20 events):
Event: 7.711 loading class java/lang/NamedPackageCustomizer
Event: 7.711 loading class java/lang/NamedPackageCustomizer done
Event: 7.712 loading class java/lang/NamedPackageCustomizer
Event: 7.712 loading class java/lang/NamedPackageCustomizer done
Event: 7.712 loading class java/lang/PackageCustomizer
Event: 7.712 loading class java/lang/PackageCustomizer done
Event: 7.713 loading class java/lang/PackageCustomizer
Event: 7.713 loading class java/lang/PackageCustomizer done
Event: 7.725 loading class java/lang/BooleanBeanInfo
Event: 7.725 loading class java/lang/BooleanBeanInfo done
Event: 7.726 loading class java/lang/BooleanBeanInfo
Event: 7.726 loading class java/lang/BooleanBeanInfo done
Event: 7.726 loading class java/lang/BooleanCustomizer
Event: 7.726 loading class java/lang/BooleanCustomizer done
Event: 7.726 loading class java/lang/BooleanCustomizer
Event: 7.726 loading class java/lang/BooleanCustomizer done
Event: 7.726 loading class jdk/internal/ValueBased
Event: 7.726 loading class jdk/internal/ValueBased done
Event: 7.867 loading class java/beans/IntrospectionException
Event: 7.867 loading class java/beans/IntrospectionException done


Dynamic libraries:
0x00007ff66a910000 - 0x00007ff66a920000 	C:\Program Files\Java\jdk-17\bin\java.exe
0x00007fffe4da0000 - 0x00007fffe5008000 	C:\WINDOWS\SYSTEM32\ntdll.dll
0x00007fffe35f0000 - 0x00007fffe36b9000 	C:\WINDOWS\System32\KERNEL32.DLL
0x00007fffe23d0000 - 0x00007fffe27c8000 	C:\WINDOWS\System32\KERNELBASE.dll
0x00007fffe1fd0000 - 0x00007fffe211b000 	C:\WINDOWS\System32\ucrtbase.dll
0x00007fffc1370000 - 0x00007fffc1389000 	C:\Program Files\Java\jdk-17\bin\jli.dll
0x00007fffcbfb0000 - 0x00007fffcbfcb000 	C:\Program Files\Java\jdk-17\bin\VCRUNTIME140.dll
0x00007fffe45d0000 - 0x00007fffe4684000 	C:\WINDOWS\System32\ADVAPI32.dll
0x00007fffe3260000 - 0x00007fffe3309000 	C:\WINDOWS\System32\msvcrt.dll
0x00007fffe31a0000 - 0x00007fffe3246000 	C:\WINDOWS\System32\sechost.dll
0x00007fffe3a20000 - 0x00007fffe3b38000 	C:\WINDOWS\System32\RPCRT4.dll
0x00007fffe4690000 - 0x00007fffe4857000 	C:\WINDOWS\System32\USER32.dll
0x00007fffe1fa0000 - 0x00007fffe1fc7000 	C:\WINDOWS\System32\win32u.dll
0x00007fffe2ce0000 - 0x00007fffe2d0b000 	C:\WINDOWS\System32\GDI32.dll
0x00007fffe2950000 - 0x00007fffe2a7c000 	C:\WINDOWS\System32\gdi32full.dll
0x00007fffce430000 - 0x00007fffce6c4000 	C:\WINDOWS\WinSxS\amd64_microsoft.windows.common-controls_6595b64144ccf1df_6.0.26100.7019_none_3e06ffa0e335b8a8\COMCTL32.dll
0x00007fffe1ef0000 - 0x00007fffe1f93000 	C:\WINDOWS\System32\msvcp_win.dll
0x00007fffda440000 - 0x00007fffda44b000 	C:\WINDOWS\SYSTEM32\VERSION.dll
0x00007fffe4570000 - 0x00007fffe45a1000 	C:\WINDOWS\System32\IMM32.DLL
0x00007fffdca20000 - 0x00007fffdca2c000 	C:\Program Files\Java\jdk-17\bin\vcruntime140_1.dll
0x00007fff7ad20000 - 0x00007fff7adae000 	C:\Program Files\Java\jdk-17\bin\msvcp140.dll
0x00007fff60560000 - 0x00007fff61140000 	C:\Program Files\Java\jdk-17\bin\server\jvm.dll
0x00007fffe45b0000 - 0x00007fffe45b8000 	C:\WINDOWS\System32\PSAPI.DLL
0x00007fffcb8f0000 - 0x00007fffcb925000 	C:\WINDOWS\SYSTEM32\WINMM.dll
0x00007fffd92a0000 - 0x00007fffd92aa000 	C:\WINDOWS\SYSTEM32\WSOCK32.dll
0x00007fffe3b40000 - 0x00007fffe3bb4000 	C:\WINDOWS\System32\WS2_32.dll
0x00007fffe0c70000 - 0x00007fffe0c8b000 	C:\WINDOWS\SYSTEM32\kernel.appcore.dll
0x00007fffdc870000 - 0x00007fffdc87a000 	C:\Program Files\Java\jdk-17\bin\jimage.dll
0x00007fffdf360000 - 0x00007fffdf5a2000 	C:\WINDOWS\SYSTEM32\DBGHELP.DLL
0x00007fffe49d0000 - 0x00007fffe4d5b000 	C:\WINDOWS\System32\combase.dll
0x00007fffe36c0000 - 0x00007fffe3797000 	C:\WINDOWS\System32\OLEAUT32.dll
0x00007fffbd390000 - 0x00007fffbd3cc000 	C:\WINDOWS\SYSTEM32\dbgcore.DLL
0x00007fffe2120000 - 0x00007fffe21c5000 	C:\WINDOWS\System32\bcryptPrimitives.dll
0x00007fffbd8e0000 - 0x00007fffbd905000 	C:\Program Files\Java\jdk-17\bin\java.dll
0x00007fff7a9e0000 - 0x00007fff7aab7000 	C:\Program Files\Java\jdk-17\bin\jsvml.dll
0x00007fffe3bf0000 - 0x00007fffe433f000 	C:\WINDOWS\System32\SHELL32.dll
0x00007fffe21d0000 - 0x00007fffe233b000 	C:\WINDOWS\System32\wintypes.dll
0x00007fffdfad0000 - 0x00007fffe032d000 	C:\WINDOWS\SYSTEM32\windows.storage.dll
0x00007fffe2b40000 - 0x00007fffe2c32000 	C:\WINDOWS\System32\SHCORE.dll
0x00007fffe3530000 - 0x00007fffe3597000 	C:\WINDOWS\System32\shlwapi.dll
0x00007fffe1e10000 - 0x00007fffe1e39000 	C:\WINDOWS\SYSTEM32\profapi.dll
0x00007fffbd860000 - 0x00007fffbd879000 	C:\Program Files\Java\jdk-17\bin\net.dll
0x00007fffd9c20000 - 0x00007fffd9d48000 	C:\WINDOWS\SYSTEM32\WINHTTP.dll
0x00007fffe11c0000 - 0x00007fffe122b000 	C:\WINDOWS\system32\mswsock.dll
0x00007fffa8d20000 - 0x00007fffa8d36000 	C:\Program Files\Java\jdk-17\bin\nio.dll
0x00007fffa85a0000 - 0x00007fffa85b8000 	C:\Program Files\Java\jdk-17\bin\zip.dll
0x00007fffd96f0000 - 0x00007fffd9700000 	C:\Program Files\Java\jdk-17\bin\verify.dll
0x00007fff8c810000 - 0x00007fff8c837000 	C:\Users\User PC\.gradle\native\e1d6ef7f7dcc3fd88c89a11ec53ec762bb8ba0a96d01ffa2cd45eb1d1d8dd5c5\windows-amd64\native-platform.dll
0x00007fff7a4f0000 - 0x00007fff7a634000 	C:\Users\User PC\.gradle\native\0d407fdbe67a94daf76414ababcb853783967236a71b16ec16e742cd7a986fd3\windows-amd64\native-platform-file-events.dll
0x00007fffd92b0000 - 0x00007fffd92ba000 	C:\Program Files\Java\jdk-17\bin\management.dll
0x00007fffd8c20000 - 0x00007fffd8c2b000 	C:\Program Files\Java\jdk-17\bin\management_ext.dll
0x00007fffe15b0000 - 0x00007fffe15cb000 	C:\WINDOWS\SYSTEM32\CRYPTSP.dll
0x00007fffe0bd0000 - 0x00007fffe0c0a000 	C:\WINDOWS\system32\rsaenh.dll
0x00007fffe1270000 - 0x00007fffe129b000 	C:\WINDOWS\SYSTEM32\USERENV.dll
0x00007fffe1de0000 - 0x00007fffe1e0a000 	C:\WINDOWS\SYSTEM32\bcrypt.dll
0x00007fffe1410000 - 0x00007fffe141c000 	C:\WINDOWS\SYSTEM32\CRYPTBASE.dll
0x00007fffe0600000 - 0x00007fffe0634000 	C:\WINDOWS\SYSTEM32\IPHLPAPI.DLL
0x00007fffe37a0000 - 0x00007fffe37aa000 	C:\WINDOWS\System32\NSI.dll
0x00007fffda200000 - 0x00007fffda21e000 	C:\WINDOWS\SYSTEM32\dhcpcsvc6.DLL
0x00007fffd9fc0000 - 0x00007fffd9fe3000 	C:\WINDOWS\SYSTEM32\dhcpcsvc.DLL
0x00007fffe0640000 - 0x00007fffe076c000 	C:\WINDOWS\SYSTEM32\DNSAPI.dll
0x00007fffd1e80000 - 0x00007fffd1e8e000 	C:\Program Files\Java\jdk-17\bin\sunmscapi.dll
0x00007fffe27d0000 - 0x00007fffe2947000 	C:\WINDOWS\System32\CRYPT32.dll
0x00007fffe1700000 - 0x00007fffe1730000 	C:\WINDOWS\SYSTEM32\ncrypt.dll
0x00007fffe16b0000 - 0x00007fffe16ef000 	C:\WINDOWS\SYSTEM32\NTASN1.dll
0x00007fffca530000 - 0x00007fffca538000 	C:\WINDOWS\system32\wshunix.dll

dbghelp: loaded successfully - version: 4.0.5 - missing functions: none
symbol engine: initialized successfully - sym options: 0x614 - pdb path: .;C:\Program Files\Java\jdk-17\bin;C:\WINDOWS\SYSTEM32;C:\WINDOWS\WinSxS\amd64_microsoft.windows.common-controls_6595b64144ccf1df_6.0.26100.7019_none_3e06ffa0e335b8a8;C:\Program Files\Java\jdk-17\bin\server;C:\Users\User PC\.gradle\native\e1d6ef7f7dcc3fd88c89a11ec53ec762bb8ba0a96d01ffa2cd45eb1d1d8dd5c5\windows-amd64;C:\Users\User PC\.gradle\native\0d407fdbe67a94daf76414ababcb853783967236a71b16ec16e742cd7a986fd3\windows-amd64

VM Arguments:
jvm_args: --add-opens=java.base/java.util=ALL-UNNAMED --add-opens=java.base/java.lang=ALL-UNNAMED --add-opens=java.base/java.lang.invoke=ALL-UNNAMED --add-opens=java.base/java.util=ALL-UNNAMED --add-opens=java.prefs/java.util.prefs=ALL-UNNAMED --add-opens=java.prefs/java.util.prefs=ALL-UNNAMED --add-opens=java.base/java.nio.charset=ALL-UNNAMED --add-opens=java.base/java.net=ALL-UNNAMED --add-opens=java.base/java.util.concurrent.atomic=ALL-UNNAMED -Xmx2048M -Dfile.encoding=windows-1252 -Duser.country=IN -Duser.language=en -Duser.variant 
java_command: org.gradle.launcher.daemon.bootstrap.GradleDaemon 7.5
java_class_path (initial): C:\Users\User PC\.gradle\wrapper\dists\gradle-7.5-bin\f1w0cc9nuo0eivz97x2xlu9sv\gradle-7.5\lib\gradle-launcher-7.5.jar
Launcher Type: SUN_STANDARD

[Global flags]
     intx CICompilerCount                          = 3                                         {product} {ergonomic}
     uint ConcGCThreads                            = 1                                         {product} {ergonomic}
     uint G1ConcRefinementThreads                  = 4                                         {product} {ergonomic}
   size_t G1HeapRegionSize                         = 1048576                                   {product} {ergonomic}
    uintx GCDrainStackTargetSize                   = 64                                        {product} {ergonomic}
   size_t InitialHeapSize                          = 199229440                                 {product} {ergonomic}
   size_t MarkStackSize                            = 4194304                                   {product} {ergonomic}
   size_t MaxHeapSize                              = 2147483648                                {product} {command line}
   size_t MaxNewSize                               = 1287651328                                {product} {ergonomic}
   size_t MinHeapDeltaBytes                        = 1048576                                   {product} {ergonomic}
   size_t MinHeapSize                              = 8388608                                   {product} {ergonomic}
    uintx NonNMethodCodeHeapSize                   = 5832780                                {pd product} {ergonomic}
    uintx NonProfiledCodeHeapSize                  = 122912730                              {pd product} {ergonomic}
    uintx ProfiledCodeHeapSize                     = 122912730                              {pd product} {ergonomic}
    uintx ReservedCodeCacheSize                    = 251658240                              {pd product} {ergonomic}
     bool SegmentedCodeCache                       = true                                      {product} {ergonomic}
   size_t SoftMaxHeapSize                          = 2147483648                             {manageable} {ergonomic}
     bool UseCompressedClassPointers               = true                           {product lp64_product} {ergonomic}
     bool UseCompressedOops                        = true                           {product lp64_product} {ergonomic}
     bool UseG1GC                                  = true                                      {product} {ergonomic}
     bool UseLargePagesIndividualAllocation        = false                                  {pd product} {ergonomic}

Logging:
Log output configuration:
 #0: stdout all=warning uptime,level,tags
 #1: stderr all=off uptime,level,tags

Environment Variables:
CLASSPATH=D:\NOV13\SNR\Androidcode\smart\Telegram android app\\gradle\wrapper\gradle-wrapper.jar
PATH=C:\Program Files\Common Files\Oracle\Java\javapath;C:\Program Files\Python313\Scripts\;C:\Program Files\Python313\;C:\WINDOWS\system32;C:\WINDOWS;C:\WINDOWS\System32\Wbem;C:\WINDOWS\System32\WindowsPowerShell\v1.0\;C:\WINDOWS\System32\OpenSSH\;C:\Users\User PC\Downloads\flutter_windows_3.35.1-stable\flutter\bin;C:\Program Files\Go\bin;C:\Library\Developer\Toolchains\unknown-Asserts-development.xctoolchain\usr\bin;C:\Users\User PC\Downloads\icuexportdata_icu4x-2025-05-21-77.x;C:\Users\User PC\Downloads\kotlin-compiler-2.0.10-RC\kotlinc\bin;C:\Program Files\MySQL\MySQL Server 8.0\bin;C:\Program Files\Java\jdk-17\bin;C:\Users\User PC\AppData\Local\Android\Sdk;C:\Users\User PC\AppData\Local\Android\Sdk\cmdline-tools\latest\bin;C:\Program Files\dotnet\;C:\Program Files\usbipd-win\;C:\Program Files\Git\cmd;C:\Users\User PC\AppData\Local\Microsoft\WindowsApps;C:\Users\User PC\AppData\Local\Programs\Microsoft VS Code\bin;C:\Users\User PC\AppData\Local\Programs\cursor\resources\app\bin;C:\Users\User PC\.dotnet\tools;C:\Users\User PC\Infineon\LauncherService;C:\Users\User PC\AppData\Local\GitHubDesktop\bin;C:\Users\User PC\Downloads\platform-tools-latest-windows\platform-tools\adb.exe;C:\Users\User PC\Downloads\platform-tools-latest-windows\platform-tools;C:\adb\;C:\Program Files (x86)\WhaleTeq MECG 2.0;C:\Program Files (x86)\Flash Programmer 2.lnk;C:\Users\User PC\Downloads\flutter_windows_3.38.3-stable\flutter\bin;C:\Users\User PC\flutter\bin
USERNAME=User PC
OS=Windows_NT
PROCESSOR_IDENTIFIER=Intel64 Family 6 Model 140 Stepping 1, GenuineIntel



---------------  S Y S T E M  ---------------

OS:
 Windows 11 , 64 bit Build 26100 (10.0.26100.7019)
OS uptime: 5 days 0:38 hours
Hyper-V role detected

CPU: total 4 (initial active 4) (2 cores per cpu, 2 threads per core) family 6 model 140 stepping 1 microcode 0x9a, cx8, cmov, fxsr, ht, mmx, 3dnowpref, sse, sse2, sse3, ssse3, sse4.1, sse4.2, popcnt, lzcnt, tsc, tscinvbit, avx, avx2, aes, erms, clmul, bmi1, bmi2, adx, avx512f, avx512dq, avx512cd, avx512bw, avx512vl, sha, fma, vzeroupper, avx512_vpopcntdq, avx512_vpclmulqdq, avx512_vaes, avx512_vnni, clflush, clflushopt, clwb, avx512_vbmi2, avx512_vbmi, hv

Memory: 4k page, system-wide physical 12091M (1380M free)
TotalPageFile size 26899M (AvailPageFile size 19M)
current process WorkingSet (physical memory assigned to process): 302M, peak: 305M
current process commit charge ("private bytes"): 416M, peak: 480M

vm_info: Java HotSpot(TM) 64-Bit Server VM (17.0.12+8-LTS-286) for windows-amd64 JRE (17.0.12+8-LTS-286), built on Jun  5 2024 06:46:59 by "mach5one" with MS VC++ 17.6 (VS2022)

END.
